Component: ARM Compiler 5.06 update 7 (build 960) Tool: armlink [4d3601]

==============================================================================

Section Cross References

    main.o(i.SystemClock_Config) refers to memseta.o(.text) for __aeabi_memclr4
    main.o(i.SystemClock_Config) refers to stm32f1xx_hal_rcc.o(i.HAL_RCC_OscConfig) for HAL_RCC_OscConfig
    main.o(i.SystemClock_Config) refers to stm32f1xx_hal_rcc.o(i.HAL_RCC_ClockConfig) for HAL_RCC_ClockConfig
    main.o(i.main) refers to stm32f1xx_hal.o(i.HAL_Init) for HAL_Init
    main.o(i.main) refers to main.o(i.SystemClock_Config) for SystemClock_Config
    main.o(i.main) refers to gpio.o(i.MX_GPIO_Init) for MX_GPIO_Init
    main.o(i.main) refers to tim.o(i.MX_TIM3_Init) for MX_TIM3_Init
    main.o(i.main) refers to usart.o(i.MX_USART1_UART_Init) for MX_USART1_UART_Init
    main.o(i.main) refers to usart.o(i.MX_USART3_UART_Init) for MX_USART3_UART_Init
    main.o(i.main) refers to tim.o(i.MX_TIM2_Init) for MX_TIM2_Init
    main.o(i.main) refers to tim.o(i.MX_TIM1_Init) for MX_TIM1_Init
    main.o(i.main) refers to tim.o(i.MX_TIM4_Init) for MX_TIM4_Init
    main.o(i.main) refers to motor.o(i.Motor_init) for Motor_init
    main.o(i.main) refers to uart.o(i.UartInit) for UartInit
    main.o(i.main) refers to hc_sr04.o(i.Hcsr04Init) for Hcsr04Init
    main.o(i.main) refers to printf1.o(i.__0printf$1) for __2printf
    main.o(i.main) refers to hx711.o(i.Get_Maopi) for Get_Maopi
    main.o(i.main) refers to delay.o(i.Delay_ms) for Delay_ms
    main.o(i.main) refers to car_control.o(i.Car_depart) for Car_depart
    main.o(i.main) refers to car_control.o(i.Car_return) for Car_return
    main.o(i.main) refers to uart.o(.bss) for UART1
    main.o(i.main) refers to usart.o(.bss) for huart1
    main.o(i.main) refers to tim.o(.bss) for htim1
    main.o(i.main) refers to hc_sr04.o(.bss) for Hcsr04Info
    main.o(i.main) refers to infrared.o(.data) for Infared
    main.o(i.main) refers to car_control.o(.data) for Areturn
    gpio.o(i.MX_GPIO_Init) refers to stm32f1xx_hal_gpio.o(i.HAL_GPIO_WritePin) for HAL_GPIO_WritePin
    gpio.o(i.MX_GPIO_Init) refers to stm32f1xx_hal_gpio.o(i.HAL_GPIO_Init) for HAL_GPIO_Init
    gpio.o(i.MX_GPIO_Init) refers to stm32f1xx_hal_cortex.o(i.HAL_NVIC_SetPriority) for HAL_NVIC_SetPriority
    gpio.o(i.MX_GPIO_Init) refers to stm32f1xx_hal_cortex.o(i.HAL_NVIC_EnableIRQ) for HAL_NVIC_EnableIRQ
    tim.o(i.HAL_TIM_Base_MspDeInit) refers to stm32f1xx_hal_gpio.o(i.HAL_GPIO_DeInit) for HAL_GPIO_DeInit
    tim.o(i.HAL_TIM_Base_MspDeInit) refers to stm32f1xx_hal_cortex.o(i.HAL_NVIC_DisableIRQ) for HAL_NVIC_DisableIRQ
    tim.o(i.HAL_TIM_Base_MspInit) refers to stm32f1xx_hal_gpio.o(i.HAL_GPIO_Init) for HAL_GPIO_Init
    tim.o(i.HAL_TIM_Base_MspInit) refers to stm32f1xx_hal_cortex.o(i.HAL_NVIC_SetPriority) for HAL_NVIC_SetPriority
    tim.o(i.HAL_TIM_Base_MspInit) refers to stm32f1xx_hal_cortex.o(i.HAL_NVIC_EnableIRQ) for HAL_NVIC_EnableIRQ
    tim.o(i.HAL_TIM_MspPostInit) refers to stm32f1xx_hal_gpio.o(i.HAL_GPIO_Init) for HAL_GPIO_Init
    tim.o(i.HAL_TIM_PWM_MspDeInit) refers to stm32f1xx_hal_cortex.o(i.HAL_NVIC_DisableIRQ) for HAL_NVIC_DisableIRQ
    tim.o(i.HAL_TIM_PWM_MspInit) refers to stm32f1xx_hal_cortex.o(i.HAL_NVIC_SetPriority) for HAL_NVIC_SetPriority
    tim.o(i.HAL_TIM_PWM_MspInit) refers to stm32f1xx_hal_cortex.o(i.HAL_NVIC_EnableIRQ) for HAL_NVIC_EnableIRQ
    tim.o(i.MX_TIM1_Init) refers to stm32f1xx_hal_tim.o(i.HAL_TIM_Base_Init) for HAL_TIM_Base_Init
    tim.o(i.MX_TIM1_Init) refers to main.o(i.Error_Handler) for Error_Handler
    tim.o(i.MX_TIM1_Init) refers to stm32f1xx_hal_tim.o(i.HAL_TIM_ConfigClockSource) for HAL_TIM_ConfigClockSource
    tim.o(i.MX_TIM1_Init) refers to stm32f1xx_hal_tim.o(i.HAL_TIM_IC_Init) for HAL_TIM_IC_Init
    tim.o(i.MX_TIM1_Init) refers to stm32f1xx_hal_tim_ex.o(i.HAL_TIMEx_MasterConfigSynchronization) for HAL_TIMEx_MasterConfigSynchronization
    tim.o(i.MX_TIM1_Init) refers to stm32f1xx_hal_tim.o(i.HAL_TIM_IC_ConfigChannel) for HAL_TIM_IC_ConfigChannel
    tim.o(i.MX_TIM1_Init) refers to tim.o(.bss) for .bss
    tim.o(i.MX_TIM2_Init) refers to memseta.o(.text) for __aeabi_memclr4
    tim.o(i.MX_TIM2_Init) refers to stm32f1xx_hal_tim.o(i.HAL_TIM_PWM_Init) for HAL_TIM_PWM_Init
    tim.o(i.MX_TIM2_Init) refers to main.o(i.Error_Handler) for Error_Handler
    tim.o(i.MX_TIM2_Init) refers to stm32f1xx_hal_tim_ex.o(i.HAL_TIMEx_MasterConfigSynchronization) for HAL_TIMEx_MasterConfigSynchronization
    tim.o(i.MX_TIM2_Init) refers to stm32f1xx_hal_tim.o(i.HAL_TIM_PWM_ConfigChannel) for HAL_TIM_PWM_ConfigChannel
    tim.o(i.MX_TIM2_Init) refers to tim.o(i.HAL_TIM_MspPostInit) for HAL_TIM_MspPostInit
    tim.o(i.MX_TIM2_Init) refers to tim.o(.bss) for .bss
    tim.o(i.MX_TIM3_Init) refers to memseta.o(.text) for __aeabi_memclr4
    tim.o(i.MX_TIM3_Init) refers to stm32f1xx_hal_tim.o(i.HAL_TIM_PWM_Init) for HAL_TIM_PWM_Init
[...]
    Removing cdrcmple.o(.text), (48 bytes).

405 unused section(s) (total 25119 bytes) removed from the image.

==============================================================================

Image Symbol Table

    Local Symbols

    Symbol Name                              Value     Ov Type        Size  Object(Section)

    ../Core/Src/gpio.c                       0x00000000   Number         0  gpio.o ABSOLUTE
    ../Core/Src/main.c                       0x00000000   Number         0  main.o ABSOLUTE
    ../Core/Src/stm32f1xx_hal_msp.c          0x00000000   Number         0  stm32f1xx_hal_msp.o ABSOLUTE
    ../Core/Src/stm32f1xx_it.c               0x00000000   Number         0  stm32f1xx_it.o ABSOLUTE
    ../Core/Src/system_stm32f1xx.c           0x00000000   Number         0  system_stm32f1xx.o ABSOLUTE
    ../Core/Src/tim.c                        0x00000000   Number         0  tim.o ABSOLUTE
    ../Core/Src/usart.c                      0x00000000   Number         0  usart.o ABSOLUTE
    ../clib/microlib/division.c              0x00000000   Number         0  uidiv.o ABSOLUTE
    ../clib/microlib/division.c              0x00000000   Number         0  uldiv.o ABSOLUTE
    ../clib/microlib/init/entry.s            0x00000000   Number         0  entry8b.o ABSOLUTE
    ../clib/microlib/init/entry.s            0x00000000   Number         0  entry9a.o ABSOLUTE
    ../clib/microlib/init/entry.s            0x00000000   Number         0  entry12b.o ABSOLUTE
    ../clib/microlib/init/entry.s            0x00000000   Number         0  entry7a.o ABSOLUTE
    ../clib/microlib/init/entry.s            0x00000000   Number         0  entry9b.o ABSOLUTE
    ../clib/microlib/init/entry.s            0x00000000   Number         0  entry8a.o ABSOLUTE
    ../clib/microlib/init/entry.s            0x00000000   Number         0  entry.o ABSOLUTE
    ../clib/microlib/init/entry.s            0x00000000   Number         0  entry7b.o ABSOLUTE
    ../clib/microlib/init/entry.s            0x00000000   Number         0  entry10a.o ABSOLUTE
    ../clib/microlib/init/entry.s            0x00000000   Number         0  entry5.o ABSOLUTE
    ../clib/microlib/init/entry.s            0x00000000   Number         0  entry2.o ABSOLUTE
    ../clib/microlib/init/entry.s            0x00000000   Number         0  entry10b.o ABSOLUTE
    ../clib/microlib/init/entry.s            0x00000000   Number         0  entry11a.o ABSOLUTE
    ../clib/microlib/init/entry.s            0x00000000   Number         0  entry11b.o ABSOLUTE
    ../clib/microlib/init/entry.s            0x00000000   Number         0  entry12a.o ABSOLUTE
    ../clib/microlib/longlong.c              0x00000000   Number         0  llushr.o ABSOLUTE
    ../clib/microlib/longlong.c              0x00000000   Number         0  llshl.o ABSOLUTE
    ../clib/microlib/longlong.c              0x00000000   Number         0  llsshr.o ABSOLUTE
    ../clib/microlib/printf/printf.c         0x00000000   Number         0  printf0.o ABSOLUTE
    ../clib/microlib/printf/printf.c         0x00000000   Number         0  printfa.o ABSOLUTE
    ../clib/microlib/printf/printf.c         0x00000000   Number         0  printf1.o ABSOLUTE
    ../clib/microlib/printf/printf.c         0x00000000   Number         0  printf8.o ABSOLUTE
    ../clib/microlib/printf/printf.c         0x00000000   Number         0  printfb.o ABSOLUTE
    ../clib/microlib/printf/printf.c         0x00000000   Number         0  printf5.o ABSOLUTE
    ../clib/microlib/printf/printf.c         0x00000000   Number         0  printf6.o ABSOLUTE
    ../clib/microlib/printf/printf.c         0x00000000   Number         0  printf7.o ABSOLUTE
    ../clib/microlib/printf/printf.c         0x00000000   Number         0  printf4.o ABSOLUTE
    ../clib/microlib/printf/printf.c         0x00000000   Number         0  printf3.o ABSOLUTE
    ../clib/microlib/printf/printf.c         0x00000000   Number         0  printf2.o ABSOLUTE
    ../clib/microlib/printf/stubs.s          0x00000000   Number         0  stubs.o ABSOLUTE
    ../clib/microlib/stdio/streams.c         0x00000000   Number         0  stdout.o ABSOLUTE
    ../clib/microlib/string/memset.c         0x00000000   Number         0  memseta.o ABSOLUTE
    ../clib/microlib/string/strlen.c         0x00000000   Number         0  strlen.o ABSOLUTE
    ../clib/microlib/stubs.s                 0x00000000   Number         0  iusefp.o ABSOLUTE
    ../fplib/microlib/d2f.c                  0x00000000   Number         0  d2f.o ABSOLUTE
    ../fplib/microlib/fpadd.c                0x00000000   Number         0  fadd.o ABSOLUTE
    ../fplib/microlib/fpadd.c                0x00000000   Number         0  dadd.o ABSOLUTE
    ../fplib/microlib/fpdiv.c                0x00000000   Number         0  fdiv.o ABSOLUTE
    ../fplib/microlib/fpdiv.c                0x00000000   Number         0  ddiv.o ABSOLUTE
    ../fplib/microlib/fpepilogue.c           0x00000000   Number         0  fepilogue.o ABSOLUTE
    ../fplib/microlib/fpepilogue.c           0x00000000   Number         0  depilogue.o ABSOLUTE
    ../fplib/microlib/fpfix.c                0x00000000   Number         0  dfixul.o ABSOLUTE
    ../fplib/microlib/fpfix.c                0x00000000   Number         0  ffixi.o ABSOLUTE
    ../fplib/microlib/fpfix.c                0x00000000   Number         0  ffixui.o ABSOLUTE
    ../fplib/microlib/fpflt.c                0x00000000   Number         0  dfltui.o ABSOLUTE
    ../fplib/microlib/fpflt.c                0x00000000   Number         0  ffltui.o ABSOLUTE
    ../fplib/microlib/fpmul.c                0x00000000   Number         0  fmul.o ABSOLUTE
    ../fplib/microlib/fpmul.c                0x00000000   Number         0  dmul.o ABSOLUTE
    ../fplib/microlib/fpscalb.c              0x00000000   Number         0  dscalb.o ABSOLUTE
    ..\Core\Src\gpio.c                       0x00000000   Number         0  gpio.o ABSOLUTE
    ..\Core\Src\main.c                       0x00000000   Number         0  main.o ABSOLUTE
    ..\Core\Src\stm32f1xx_hal_msp.c          0x00000000   Number         0  stm32f1xx_hal_msp.o ABSOLUTE
    ..\Core\Src\stm32f1xx_it.c               0x00000000   Number         0  stm32f1xx_it.o ABSOLUTE
    ..\Core\Src\system_stm32f1xx.c           0x00000000   Number         0  system_stm32f1xx.o ABSOLUTE
    ..\Core\Src\tim.c                        0x00000000   Number         0  tim.o ABSOLUTE
    ..\Core\Src\usart.c                      0x00000000   Number         0  usart.o ABSOLUTE
    C:/Users/q2352/.stm32cubemx/Repository/STM32Cube_FW_F1_V1.8.5/Drivers/STM32F1xx_HAL_Driver/Src/stm32f1xx_hal.c 0x00000000   Number         0  stm32f1xx_hal.o ABSOLUTE
    C:/Users/q2352/.stm32cubemx/Repository/STM32Cube_FW_F1_V1.8.5/Drivers/STM32F1xx_HAL_Driver/Src/stm32f1xx_hal_cortex.c 0x00000000   Number         0  stm32f1xx_hal_cortex.o ABSOLUTE
    C:/Users/q2352/.stm32cubemx/Repository/STM32Cube_FW_F1_V1.8.5/Drivers/STM32F1xx_HAL_Driver/Src/stm32f1xx_hal_dma.c 0x00000000   Number         0  stm32f1xx_hal_dma.o ABSOLUTE
    C:/Users/q2352/.stm32cubemx/Repository/STM32Cube_FW_F1_V1.8.5/Drivers/STM32F1xx_HAL_Driver/Src/stm32f1xx_hal_exti.c 0x00000000   Number         0  stm32f1xx_hal_exti.o ABSOLUTE
    C:/Users/q2352/.stm32cubemx/Repository/STM32Cube_FW_F1_V1.8.5/Drivers/STM32F1xx_HAL_Driver/Src/stm32f1xx_hal_flash.c 0x00000000   Number         0  stm32f1xx_hal_flash.o ABSOLUTE
    C:/Users/q2352/.stm32cubemx/Repository/STM32Cube_FW_F1_V1.8.5/Drivers/STM32F1xx_HAL_Driver/Src/stm32f1xx_hal_flash_ex.c 0x00000000   Number         0  stm32f1xx_hal_flash_ex.o ABSOLUTE
    C:/Users/q2352/.stm32cubemx/Repository/STM32Cube_FW_F1_V1.8.5/Drivers/STM32F1xx_HAL_Driver/Src/stm32f1xx_hal_gpio.c 0x00000000   Number         0  stm32f1xx_hal_gpio.o ABSOLUTE
    C:/Users/q2352/.stm32cubemx/Repository/STM32Cube_FW_F1_V1.8.5/Drivers/STM32F1xx_HAL_Driver/Src/stm32f1xx_hal_gpio_ex.c 0x00000000   Number         0  stm32f1xx_hal_gpio_ex.o ABSOLUTE
    C:/Users/q2352/.stm32cubemx/Repository/STM32Cube_FW_F1_V1.8.5/Drivers/STM32F1xx_HAL_Driver/Src/stm32f1xx_hal_pwr.c 0x00000000   Number         0  stm32f1xx_hal_pwr.o ABSOLUTE
    C:/Users/q2352/.stm32cubemx/Repository/STM32Cube_FW_F1_V1.8.5/Drivers/STM32F1xx_HAL_Driver/Src/stm32f1xx_hal_rcc.c 0x00000000   Number         0  stm32f1xx_hal_rcc.o ABSOLUTE
    C:/Users/q2352/.stm32cubemx/Repository/STM32Cube_FW_F1_V1.8.5/Drivers/STM32F1xx_HAL_Driver/Src/stm32f1xx_hal_rcc_ex.c 0x00000000   Number         0  stm32f1xx_hal_rcc_ex.o ABSOLUTE
    C:/Users/q2352/.stm32cubemx/Repository/STM32Cube_FW_F1_V1.8.5/Drivers/STM32F1xx_HAL_Driver/Src/stm32f1xx_hal_tim.c 0x00000000   Number         0  stm32f1xx_hal_tim.o ABSOLUTE
    C:/Users/q2352/.stm32cubemx/Repository/STM32Cube_FW_F1_V1.8.5/Drivers/STM32F1xx_HAL_Driver/Src/stm32f1xx_hal_tim_ex.c 0x00000000   Number         0  stm32f1xx_hal_tim_ex.o ABSOLUTE
    C:/Users/q2352/.stm32cubemx/Repository/STM32Cube_FW_F1_V1.8.5/Drivers/STM32F1xx_HAL_Driver/Src/stm32f1xx_hal_uart.c 0x00000000   Number         0  stm32f1xx_hal_uart.o ABSOLUTE
    C:\Users\q2352\.stm32cubemx\Repository\STM32Cube_FW_F1_V1.8.5\Drivers\STM32F1xx_HAL_Driver\Src\stm32f1xx_hal.c 0x00000000   Number         0  stm32f1xx_hal.o ABSOLUTE
    C:\Users\q2352\.stm32cubemx\Repository\STM32Cube_FW_F1_V1.8.5\Drivers\STM32F1xx_HAL_Driver\Src\stm32f1xx_hal_cortex.c 0x00000000   Number         0  stm32f1xx_hal_cortex.o ABSOLUTE
    C:\Users\q2352\.stm32cubemx\Repository\STM32Cube_FW_F1_V1.8.5\Drivers\STM32F1xx_HAL_Driver\Src\stm32f1xx_hal_dma.c 0x00000000   Number         0  stm32f1xx_hal_dma.o ABSOLUTE
    C:\Users\q2352\.stm32cubemx\Repository\STM32Cube_FW_F1_V1.8.5\Drivers\STM32F1xx_HAL_Driver\Src\stm32f1xx_hal_exti.c 0x00000000   Number         0  stm32f1xx_hal_exti.o ABSOLUTE
    C:\Users\q2352\.stm32cubemx\Repository\STM32Cube_FW_F1_V1.8.5\Drivers\STM32F1xx_HAL_Driver\Src\stm32f1xx_hal_flash.c 0x00000000   Number         0  stm32f1xx_hal_flash.o ABSOLUTE
    C:\Users\q2352\.stm32cubemx\Repository\STM32Cube_FW_F1_V1.8.5\Drivers\STM32F1xx_HAL_Driver\Src\stm32f1xx_hal_flash_ex.c 0x00000000   Number         0  stm32f1xx_hal_flash_ex.o ABSOLUTE
    C:\Users\q2352\.stm32cubemx\Repository\STM32Cube_FW_F1_V1.8.5\Drivers\STM32F1xx_HAL_Driver\Src\stm32f1xx_hal_gpio.c 0x00000000   Number         0  stm32f1xx_hal_gpio.o ABSOLUTE
    C:\Users\q2352\.stm32cubemx\Repository\STM32Cube_FW_F1_V1.8.5\Drivers\STM32F1xx_HAL_Driver\Src\stm32f1xx_hal_gpio_ex.c 0x00000000   Number         0  stm32f1xx_hal_gpio_ex.o ABSOLUTE
    C:\Users\q2352\.stm32cubemx\Repository\STM32Cube_FW_F1_V1.8.5\Drivers\STM32F1xx_HAL_Driver\Src\stm32f1xx_hal_pwr.c 0x00000000   Number         0  stm32f1xx_hal_pwr.o ABSOLUTE
    C:\Users\q2352\.stm32cubemx\Repository\STM32Cube_FW_F1_V1.8.5\Drivers\STM32F1xx_HAL_Driver\Src\stm32f1xx_hal_rcc.c 0x00000000   Number         0  stm32f1xx_hal_rcc.o ABSOLUTE
    C:\Users\q2352\.stm32cubemx\Repository\STM32Cube_FW_F1_V1.8.5\Drivers\STM32F1xx_HAL_Driver\Src\stm32f1xx_hal_rcc_ex.c 0x00000000   Number         0  stm32f1xx_hal_rcc_ex.o ABSOLUTE
    C:\Users\q2352\.stm32cubemx\Repository\STM32Cube_FW_F1_V1.8.5\Drivers\STM32F1xx_HAL_Driver\Src\stm32f1xx_hal_tim.c 0x00000000   Number         0  stm32f1xx_hal_tim.o ABSOLUTE
    C:\Users\q2352\.stm32cubemx\Repository\STM32Cube_FW_F1_V1.8.5\Drivers\STM32F1xx_HAL_Driver\Src\stm32f1xx_hal_tim_ex.c 0x00000000   Number         0  stm32f1xx_hal_tim_ex.o ABSOLUTE
    C:\Users\q2352\.stm32cubemx\Repository\STM32Cube_FW_F1_V1.8.5\Drivers\STM32F1xx_HAL_Driver\Src\stm32f1xx_hal_uart.c 0x00000000   Number         0  stm32f1xx_hal_uart.o ABSOLUTE
    cdrcmple.s                               0x00000000   Number         0  cdrcmple.o ABSOLUTE
    dc.s                                     0x00000000   Number         0  dc.o ABSOLUTE
    handlers.s                               0x00000000   Number         0  handlers.o ABSOLUTE
    hardware\Car_Control.c                   0x00000000   Number         0  car_control.o ABSOLUTE
    hardware\HC_SR04.c                       0x00000000   Number         0  hc_sr04.o ABSOLUTE
    hardware\\Car_Control.c                  0x00000000   Number         0  car_control.o ABSOLUTE
    hardware\\HC_SR04.c                      0x00000000   Number         0  hc_sr04.o ABSOLUTE
    hardware\\delay.c                        0x00000000   Number         0  delay.o ABSOLUTE
    hardware\\hx711.c                        0x00000000   Number         0  hx711.o ABSOLUTE
    hardware\\infrared.c                     0x00000000   Number         0  infrared.o ABSOLUTE
    hardware\\motor.c                        0x00000000   Number         0  motor.o ABSOLUTE
    hardware\\uart.c                         0x00000000   Number         0  uart.o ABSOLUTE
    hardware\delay.c                         0x00000000   Number         0  delay.o ABSOLUTE
    hardware\hx711.c                         0x00000000   Number         0  hx711.o ABSOLUTE
    hardware\infrared.c                      0x00000000   Number         0  infrared.o ABSOLUTE
    hardware\motor.c                         0x00000000   Number         0  motor.o ABSOLUTE
    hardware\uart.c                          0x00000000   Number         0  uart.o ABSOLUTE
    init.s                                   0x00000000   Number         0  init.o ABSOLUTE
    startup_stm32f103xb.s                    0x00000000   Number         0  startup_stm32f103xb.o ABSOLUTE
    RESET                                    0x08000000   Section      236  startup_stm32f103xb.o(RESET)
    .ARM.Collect$$$$00000000                 0x080000ec   Section        0  entry.o(.ARM.Collect$$$$00000000)
    .ARM.Collect$$$$00000001                 0x080000ec   Section        4  entry2.o(.ARM.Collect$$$$00000001)
    .ARM.Collect$$$$00000004                 0x080000f0   Section        4  entry5.o(.ARM.Collect$$$$00000004)
    .ARM.Collect$$$$00000008                 0x080000f4   Section        0  entry7b.o(.ARM.Collect$$$$00000008)
    .ARM.Collect$$$$0000000A                 0x080000f4   Section        0  entry8b.o(.ARM.Collect$$$$0000000A)
    .ARM.Collect$$$$0000000B                 0x080000f4   Section        8  entry9a.o(.ARM.Collect$$$$0000000B)
    .ARM.Collect$$$$0000000E                 0x080000fc   Section        4  entry12b.o(.ARM.Collect$$$$0000000E)
    .ARM.Collect$$$$0000000F                 0x08000100   Section        0  entry10a.o(.ARM.Collect$$$$0000000F)
    .ARM.Collect$$$$00000011                 0x08000100   Section        0  entry11a.o(.ARM.Collect$$$$00000011)
    .ARM.Collect$$$$00002712                 0x08000100   Section        4  entry2.o(.ARM.Collect$$$$00002712)
    __lit__00000000                          0x08000100   Data           4  entry2.o(.ARM.Collect$$$$00002712)
    .text                                    0x08000104   Section       36  startup_stm32f103xb.o(.text)
    .text                                    0x08000128   Section        0  llushr.o(.text)
    .text                                    0x08000148   Section        0  memseta.o(.text)
    .text                                    0x0800016c   Section        0  fadd.o(.text)
    .text                                    0x0800021c   Section        0  fmul.o(.text)
    .text                                    0x08000280   Section        0  fdiv.o(.text)
    .text                                    0x080002fc   Section        0  dmul.o(.text)
    .text                                    0x080003e0   Section        0  ddiv.o(.text)
    .text                                    0x080004be   Section        0  dscalb.o(.text)
    .text                                    0x080004ec   Section        0  ffltui.o(.text)
    .text                                    0x080004f6   Section        0  dfltui.o(.text)
    .text                                    0x08000510   Section        0  ffixi.o(.text)
    .text                                    0x08000542   Section        0  ffixui.o(.text)
    .text                                    0x0800056a   Section        0  d2f.o(.text)
    .text                                    0x080005a2   Section        0  uidiv.o(.text)
    .text                                    0x080005ce   Section        0  iusefp.o(.text)
    .text                                    0x080005ce   Section        0  fepilogue.o(.text)
    .text                                    0x0800063c   Section        0  depilogue.o(.text)
    .text                                    0x080006f8   Section       36  init.o(.text)
    .text                                    0x0800071c   Section        0  llshl.o(.text)
    i.BusFault_Handler                       0x0800073a   Section        0  stm32f1xx_it.o(i.BusFault_Handler)
    i.Car_depart                             0x0800073c   Section        0  car_control.o(i.Car_depart)
    i.Car_return                             0x08000800   Section        0  car_control.o(i.Car_return)
    i.Check_Have_barrier                     0x080008b0   Section        0  car_control.o(i.Check_Have_barrier)
    i.Check_Have_key3                        0x080008dc   Section        0  car_control.o(i.Check_Have_key3)
    i.Check_Have_object                      0x080008f4   Section        0  car_control.o(i.Check_Have_object)
    i.Check_Have_wire                        0x08000908   Section        0  car_control.o(i.Check_Have_wire)
    i.DebugMon_Handler                       0x0800096c   Section        0  stm32f1xx_it.o(i.DebugMon_Handler)
    i.Delay_ms                               0x0800096e   Section        0  delay.o(i.Delay_ms)
    i.Delay_us                               0x08000984   Section        0  delay.o(i.Delay_us)
    i.EXTI15_10_IRQHandler                   0x080009a4   Section        0  stm32f1xx_it.o(i.EXTI15_10_IRQHandler)
    i.EXTI9_5_IRQHandler                     0x080009ca   Section        0  stm32f1xx_it.o(i.EXTI9_5_IRQHandler)
    i.Error_Handler                          0x080009d2   Section        0  main.o(i.Error_Handler)
    i.Get_Maopi                              0x080009d8   Section        0  hx711.o(i.Get_Maopi)
    i.Get_Weight                             0x08000a08   Section        0  hx711.o(i.Get_Weight)
    i.HAL_DMA_Abort                          0x08000a3c   Section        0  stm32f1xx_hal_dma.o(i.HAL_DMA_Abort)
    i.HAL_DMA_Abort_IT                       0x08000a84   Section        0  stm32f1xx_hal_dma.o(i.HAL_DMA_Abort_IT)
    i.HAL_Delay                              0x08000b1c   Section        0  stm32f1xx_hal.o(i.HAL_Delay)
    i.HAL_GPIO_EXTI_Callback                 0x08000b40   Section        0  infrared.o(i.HAL_GPIO_EXTI_Callback)
    i.HAL_GPIO_EXTI_IRQHandler               0x08000c6c   Section        0  stm32f1xx_hal_gpio.o(i.HAL_GPIO_EXTI_IRQHandler)
    i.HAL_GPIO_Init                          0x08000c84   Section        0  stm32f1xx_hal_gpio.o(i.HAL_GPIO_Init)
    i.HAL_GPIO_ReadPin                       0x08000e64   Section        0  stm32f1xx_hal_gpio.o(i.HAL_GPIO_ReadPin)
    i.HAL_GPIO_WritePin                      0x08000e6e   Section        0  stm32f1xx_hal_gpio.o(i.HAL_GPIO_WritePin)
    i.HAL_GetTick                            0x08000e78   Section        0  stm32f1xx_hal.o(i.HAL_GetTick)
    i.HAL_IncTick                            0x08000e84   Section        0  stm32f1xx_hal.o(i.HAL_IncTick)
    i.HAL_Init                               0x08000e94   Section        0  stm32f1xx_hal.o(i.HAL_Init)
    i.HAL_InitTick                           0x08000eb8   Section        0  stm32f1xx_hal.o(i.HAL_InitTick)
    i.HAL_MspInit                            0x08000ef8   Section        0  stm32f1xx_hal_msp.o(i.HAL_MspInit)
    i.HAL_NVIC_EnableIRQ                     0x08000f44   Section        0  stm32f1xx_hal_cortex.o(i.HAL_NVIC_EnableIRQ)
    i.HAL_NVIC_SetPriority                   0x08000f60   Section        0  stm32f1xx_hal_cortex.o(i.HAL_NVIC_SetPriority)
    i.HAL_NVIC_SetPriorityGrouping           0x08000fa0   Section        0  stm32f1xx_hal_cortex.o(i.HAL_NVIC_SetPriorityGrouping)
    i.HAL_RCC_ClockConfig                    0x08000fc4   Section        0  stm32f1xx_hal_rcc.o(i.HAL_RCC_ClockConfig)
    i.HAL_RCC_GetPCLK1Freq                   0x080010f0   Section        0  stm32f1xx_hal_rcc.o(i.HAL_RCC_GetPCLK1Freq)
    i.HAL_RCC_GetPCLK2Freq                   0x08001110   Section        0  stm32f1xx_hal_rcc.o(i.HAL_RCC_GetPCLK2Freq)
    i.HAL_RCC_GetSysClockFreq                0x08001130   Section        0  stm32f1xx_hal_rcc.o(i.HAL_RCC_GetSysClockFreq)
    i.HAL_RCC_OscConfig                      0x0800117c   Section        0  stm32f1xx_hal_rcc.o(i.HAL_RCC_OscConfig)
    i.HAL_SYSTICK_Config                     0x0800149c   Section        0  stm32f1xx_hal_cortex.o(i.HAL_SYSTICK_Config)
    i.HAL_TIMEx_BreakCallback                0x080014c4   Section        0  stm32f1xx_hal_tim_ex.o(i.HAL_TIMEx_BreakCallback)
    i.HAL_TIMEx_CommutCallback               0x080014c6   Section        0  stm32f1xx_hal_tim_ex.o(i.HAL_TIMEx_CommutCallback)
    i.HAL_TIMEx_MasterConfigSynchronization  0x080014c8   Section        0  stm32f1xx_hal_tim_ex.o(i.HAL_TIMEx_MasterConfigSynchronization)
    i.HAL_TIM_Base_Init                      0x08001530   Section        0  stm32f1xx_hal_tim.o(i.HAL_TIM_Base_Init)
    i.HAL_TIM_Base_MspInit                   0x0800158c   Section        0  tim.o(i.HAL_TIM_Base_MspInit)
    i.HAL_TIM_Base_Start_IT                  0x08001614   Section        0  stm32f1xx_hal_tim.o(i.HAL_TIM_Base_Start_IT)
    i.HAL_TIM_ConfigClockSource              0x0800166c   Section        0  stm32f1xx_hal_tim.o(i.HAL_TIM_ConfigClockSource)
    i.HAL_TIM_IC_CaptureCallback             0x08001748   Section        0  hc_sr04.o(i.HAL_TIM_IC_CaptureCallback)
    i.HAL_TIM_IC_ConfigChannel               0x0800174c   Section        0  stm32f1xx_hal_tim.o(i.HAL_TIM_IC_ConfigChannel)
    i.HAL_TIM_IC_Init                        0x08001870   Section        0  stm32f1xx_hal_tim.o(i.HAL_TIM_IC_Init)
    i.HAL_TIM_IC_MspInit                     0x080018ca   Section        0  stm32f1xx_hal_tim.o(i.HAL_TIM_IC_MspInit)
    i.HAL_TIM_IC_Start_IT                    0x080018cc   Section        0  stm32f1xx_hal_tim.o(i.HAL_TIM_IC_Start_IT)
    i.HAL_TIM_IRQHandler                     0x080019b0   Section        0  stm32f1xx_hal_tim.o(i.HAL_TIM_IRQHandler)
    i.HAL_TIM_MspPostInit                    0x08001b18   Section        0  tim.o(i.HAL_TIM_MspPostInit)
    i.HAL_TIM_OC_DelayElapsedCallback        0x08001bcc   Section        0  stm32f1xx_hal_tim.o(i.HAL_TIM_OC_DelayElapsedCallback)
    i.HAL_TIM_PWM_ConfigChannel              0x08001bce   Section        0  stm32f1xx_hal_tim.o(i.HAL_TIM_PWM_ConfigChannel)
    i.HAL_TIM_PWM_Init                       0x08001c9a   Section        0  stm32f1xx_hal_tim.o(i.HAL_TIM_PWM_Init)
    i.HAL_TIM_PWM_MspInit                    0x08001cf4   Section        0  tim.o(i.HAL_TIM_PWM_MspInit)
    i.HAL_TIM_PWM_PulseFinishedCallback      0x08001d7c   Section        0  stm32f1xx_hal_tim.o(i.HAL_TIM_PWM_PulseFinishedCallback)
    i.HAL_TIM_PWM_Start_IT                   0x08001d80   Section        0  stm32f1xx_hal_tim.o(i.HAL_TIM_PWM_Start_IT)
    i.HAL_TIM_PeriodElapsedCallback          0x08001e48   Section        0  hc_sr04.o(i.HAL_TIM_PeriodElapsedCallback)
    i.HAL_TIM_ReadCapturedValue              0x08001e4c   Section        0  stm32f1xx_hal_tim.o(i.HAL_TIM_ReadCapturedValue)
    i.HAL_TIM_TriggerCallback                0x08001e76   Section        0  stm32f1xx_hal_tim.o(i.HAL_TIM_TriggerCallback)
    i.HAL_UARTEx_RxEventCallback             0x08001e78   Section        0  stm32f1xx_hal_uart.o(i.HAL_UARTEx_RxEventCallback)
    i.HAL_UART_ErrorCallback                 0x08001e7a   Section        0  stm32f1xx_hal_uart.o(i.HAL_UART_ErrorCallback)
    i.HAL_UART_IRQHandler                    0x08001e7c   Section        0  stm32f1xx_hal_uart.o(i.HAL_UART_IRQHandler)
    i.HAL_UART_Init                          0x080020e8   Section        0  stm32f1xx_hal_uart.o(i.HAL_UART_Init)
    i.HAL_UART_MspInit                       0x0800214c   Section        0  usart.o(i.HAL_UART_MspInit)
    i.HAL_UART_Receive_IT                    0x08002228   Section        0  stm32f1xx_hal_uart.o(i.HAL_UART_Receive_IT)
    i.HAL_UART_RxCpltCallback                0x08002244   Section        0  uart.o(i.HAL_UART_RxCpltCallback)
    i.HAL_UART_Transmit                      0x080022a0   Section        0  stm32f1xx_hal_uart.o(i.HAL_UART_Transmit)
    i.HAL_UART_TxCpltCallback                0x0800233a   Section        0  stm32f1xx_hal_uart.o(i.HAL_UART_TxCpltCallback)
    i.HardFault_Handler                      0x0800233c   Section        0  stm32f1xx_it.o(i.HardFault_Handler)
    i.Hcsr04Init                             0x08002340   Section        0  hc_sr04.o(i.Hcsr04Init)
    i.Hcsr04Read                             0x08002390   Section        0  hc_sr04.o(i.Hcsr04Read)
    i.Hcsr04Start                            0x080023a8   Section        0  hc_sr04.o(i.Hcsr04Start)
    i.Hcsr04TimIcIsr                         0x080023d0   Section        0  hc_sr04.o(i.Hcsr04TimIcIsr)
    i.Hcsr04TimOverflowIsr                   0x080024f4   Section        0  hc_sr04.o(i.Hcsr04TimOverflowIsr)
    i.KLM                                    0x0800250c   Section        0  hx711.o(i.KLM)
    i.MX_GPIO_Init                           0x08002568   Section        0  gpio.o(i.MX_GPIO_Init)
    i.MX_TIM1_Init                           0x080026b8   Section        0  tim.o(i.MX_TIM1_Init)
    i.MX_TIM2_Init                           0x08002750   Section        0  tim.o(i.MX_TIM2_Init)
    i.MX_TIM3_Init                           0x080027cc   Section        0  tim.o(i.MX_TIM3_Init)
    i.MX_TIM4_Init                           0x08002840   Section        0  tim.o(i.MX_TIM4_Init)
    i.MX_USART1_UART_Init                    0x080028c0   Section        0  usart.o(i.MX_USART1_UART_Init)
    i.MX_USART3_UART_Init                    0x080028f8   Section        0  usart.o(i.MX_USART3_UART_Init)
    i.MemManage_Handler                      0x08002930   Section        0  stm32f1xx_it.o(i.MemManage_Handler)
    i.Motor_advance                          0x08002934   Section        0  motor.o(i.Motor_advance)
    i.Motor_init                             0x080029ec   Section        0  motor.o(i.Motor_init)
    i.Motor_left                             0x08002aac   Section        0  motor.o(i.Motor_left)
    i.Motor_leftIN                           0x08002b40   Section        0  motor.o(i.Motor_leftIN)
    i.Motor_right                            0x08002b64   Section        0  motor.o(i.Motor_right)
    i.Motor_rightIN                          0x08002bf8   Section        0  motor.o(i.Motor_rightIN)
    i.Motor_rightRe                          0x08002c1c   Section        0  motor.o(i.Motor_rightRe)
    i.Motor_start                            0x08002cac   Section        0  motor.o(i.Motor_start)
    i.Motor_stop                             0x08002cbc   Section        0  motor.o(i.Motor_stop)
    i.NMI_Handler                            0x08002ccc   Section        0  stm32f1xx_it.o(i.NMI_Handler)
    i.PendSV_Handler                         0x08002cce   Section        0  stm32f1xx_it.o(i.PendSV_Handler)
    i.RCC_IRQHandler                         0x08002cd0   Section        0  stm32f1xx_it.o(i.RCC_IRQHandler)
    i.SVC_Handler                            0x08002cd2   Section        0  stm32f1xx_it.o(i.SVC_Handler)
    i.Sensor_Read                            0x08002cd4   Section        0  hx711.o(i.Sensor_Read)
    i.Set_ThresholdValue                     0x08002d78   Section        0  motor.o(i.Set_ThresholdValue)
    i.Set_Value                              0x08002d8c   Section        0  infrared.o(i.Set_Value)
    i.Speaker                                0x08002da4   Section        0  uart.o(i.Speaker)
    i.SysTick_Handler                        0x08002ddc   Section        0  stm32f1xx_it.o(i.SysTick_Handler)
    i.SystemClock_Config                     0x08002de0   Section        0  main.o(i.SystemClock_Config)
    i.SystemInit                             0x08002e3e   Section        0  system_stm32f1xx.o(i.SystemInit)
    i.TIM1_CC_IRQHandler                     0x08002e40   Section        0  stm32f1xx_it.o(i.TIM1_CC_IRQHandler)
    i.TIM1_TRG_COM_IRQHandler                0x08002e4c   Section        0  stm32f1xx_it.o(i.TIM1_TRG_COM_IRQHandler)
    i.TIM1_UP_IRQHandler                     0x08002e58   Section        0  stm32f1xx_it.o(i.TIM1_UP_IRQHandler)
    i.TIM2_IRQHandler                        0x08002e64   Section        0  stm32f1xx_it.o(i.TIM2_IRQHandler)
    i.TIM3_IRQHandler                        0x08002e70   Section        0  stm32f1xx_it.o(i.TIM3_IRQHandler)
    i.TIM4_IRQHandler                        0x08002e7c   Section        0  stm32f1xx_it.o(i.TIM4_IRQHandler)
    i.TIM_Base_SetConfig                     0x08002e88   Section        0  stm32f1xx_hal_tim.o(i.TIM_Base_SetConfig)
    i.TIM_CCxChannelCmd                      0x08002ef4   Section        0  stm32f1xx_hal_tim.o(i.TIM_CCxChannelCmd)
    i.TIM_ETR_SetConfig                      0x08002f0e   Section        0  stm32f1xx_hal_tim.o(i.TIM_ETR_SetConfig)
    i.TIM_ITRx_SetConfig                     0x08002f22   Section        0  stm32f1xx_hal_tim.o(i.TIM_ITRx_SetConfig)
    TIM_ITRx_SetConfig                       0x08002f23   Thumb Code    16  stm32f1xx_hal_tim.o(i.TIM_ITRx_SetConfig)
    i.TIM_OC1_SetConfig                      0x08002f34   Section        0  stm32f1xx_hal_tim.o(i.TIM_OC1_SetConfig)
    TIM_OC1_SetConfig                        0x08002f35   Thumb Code    74  stm32f1xx_hal_tim.o(i.TIM_OC1_SetConfig)
    i.TIM_OC2_SetConfig                      0x08002f84   Section        0  stm32f1xx_hal_tim.o(i.TIM_OC2_SetConfig)
    i.TIM_OC3_SetConfig                      0x08002fdc   Section        0  stm32f1xx_hal_tim.o(i.TIM_OC3_SetConfig)
    TIM_OC3_SetConfig                        0x08002fdd   Thumb Code    82  stm32f1xx_hal_tim.o(i.TIM_OC3_SetConfig)
    i.TIM_OC4_SetConfig                      0x08003034   Section        0  stm32f1xx_hal_tim.o(i.TIM_OC4_SetConfig)
    TIM_OC4_SetConfig                        0x08003035   Thumb Code    64  stm32f1xx_hal_tim.o(i.TIM_OC4_SetConfig)
    i.TIM_TI1_ConfigInputStage               0x08003078   Section        0  stm32f1xx_hal_tim.o(i.TIM_TI1_ConfigInputStage)
    TIM_TI1_ConfigInputStage                 0x08003079   Thumb Code    34  stm32f1xx_hal_tim.o(i.TIM_TI1_ConfigInputStage)
    i.TIM_TI1_SetConfig                      0x0800309c   Section        0  stm32f1xx_hal_tim.o(i.TIM_TI1_SetConfig)
    i.TIM_TI2_ConfigInputStage               0x080030f4   Section        0  stm32f1xx_hal_tim.o(i.TIM_TI2_ConfigInputStage)
    TIM_TI2_ConfigInputStage                 0x080030f5   Thumb Code    36  stm32f1xx_hal_tim.o(i.TIM_TI2_ConfigInputStage)
    i.TIM_TI2_SetConfig                      0x08003118   Section        0  stm32f1xx_hal_tim.o(i.TIM_TI2_SetConfig)
    TIM_TI2_SetConfig                        0x08003119   Thumb Code    54  stm32f1xx_hal_tim.o(i.TIM_TI2_SetConfig)
    i.UART_DMAAbortOnError                   0x0800314e   Section        0  stm32f1xx_hal_uart.o(i.UART_DMAAbortOnError)
    UART_DMAAbortOnError                     0x0800314f   Thumb Code    16  stm32f1xx_hal_uart.o(i.UART_DMAAbortOnError)
    i.UART_EndRxTransfer                     0x0800315e   Section        0  stm32f1xx_hal_uart.o(i.UART_EndRxTransfer)
    UART_EndRxTransfer                       0x0800315f   Thumb Code    78  stm32f1xx_hal_uart.o(i.UART_EndRxTransfer)
    i.UART_Receive_IT                        0x080031ac   Section        0  stm32f1xx_hal_uart.o(i.UART_Receive_IT)
    UART_Receive_IT                          0x080031ad   Thumb Code   194  stm32f1xx_hal_uart.o(i.UART_Receive_IT)
    i.UART_SetConfig                         0x08003270   Section        0  stm32f1xx_hal_uart.o(i.UART_SetConfig)
    UART_SetConfig                           0x08003271   Thumb Code   178  stm32f1xx_hal_uart.o(i.UART_SetConfig)
    i.UART_Start_Receive_IT                  0x08003328   Section        0  stm32f1xx_hal_uart.o(i.UART_Start_Receive_IT)
    i.UART_WaitOnFlagUntilTimeout            0x0800335e   Section        0  stm32f1xx_hal_uart.o(i.UART_WaitOnFlagUntilTimeout)
    UART_WaitOnFlagUntilTimeout              0x0800335f   Thumb Code   120  stm32f1xx_hal_uart.o(i.UART_WaitOnFlagUntilTimeout)
    i.USART1_IRQHandler                      0x080033d8   Section        0  stm32f1xx_it.o(i.USART1_IRQHandler)
    i.USART3_IRQHandler                      0x080033e4   Section        0  stm32f1xx_it.o(i.USART3_IRQHandler)
    i.Uart1_Send                             0x080033f0   Section        0  uart.o(i.Uart1_Send)
    i.UartClean                              0x08003400   Section        0  uart.o(i.UartClean)
    i.UartInit                               0x08003406   Section        0  uart.o(i.UartInit)
    i.UsageFault_Handler                     0x0800341c   Section        0  stm32f1xx_it.o(i.UsageFault_Handler)
    i.__0printf$1                            0x08003420   Section        0  printf1.o(i.__0printf$1)
    i.__NVIC_SetPriority                     0x08003440   Section        0  stm32f1xx_hal_cortex.o(i.__NVIC_SetPriority)
    __NVIC_SetPriority                       0x08003441   Thumb Code    32  stm32f1xx_hal_cortex.o(i.__NVIC_SetPriority)
    i.__scatterload_copy                     0x08003460   Section       14  handlers.o(i.__scatterload_copy)
    i.__scatterload_null                     0x0800346e   Section        2  handlers.o(i.__scatterload_null)
    i.__scatterload_zeroinit                 0x08003470   Section       14  handlers.o(i.__scatterload_zeroinit)
    i._printf_core                           0x08003480   Section        0  printf1.o(i._printf_core)
    _printf_core                             0x08003481   Thumb Code   336  printf1.o(i._printf_core)
    i.fputc                                  0x080035d4   Section        0  uart.o(i.fputc)
    i.main                                   0x080035e4   Section        0  main.o(i.main)
    .constdata                               0x080036a8   Section       18  stm32f1xx_hal_rcc.o(.constdata)
    aPredivFactorTable                       0x080036a8   Data           2  stm32f1xx_hal_rcc.o(.constdata)
    aPLLMULFactorTable                       0x080036aa   Data          16  stm32f1xx_hal_rcc.o(.constdata)
    .constdata                               0x080036ba   Section       16  system_stm32f1xx.o(.constdata)
    .constdata                               0x080036ca   Section        8  system_stm32f1xx.o(.constdata)
    .data                                    0x20000000   Section        2  car_control.o(.data)
    warning_speak                            0x20000000   Data           1  car_control.o(.data)
    warning_speak                            0x20000001   Data           1  car_control.o(.data)
    .data                                    0x20000002   Section        2  car_control.o(.data)
    .data                                    0x20000004   Section       12  stm32f1xx_hal.o(.data)
    .data                                    0x20000010   Section        4  system_stm32f1xx.o(.data)
    .data                                    0x20000014   Section        6  motor.o(.data)
    dyct                                     0x20000014   Data           1  motor.o(.data)
    adv                                      0x20000015   Data           1  motor.o(.data)
    .data                                    0x2000001a   Section       15  uart.o(.data)
    .data                                    0x20000029   Section        6  infrared.o(.data)
    .data                                    0x20000030   Section       44  hx711.o(.data)
    .data                                    0x2000005c   Section        4  stdout.o(.data)
    .bss                                     0x20000060   Section      288  tim.o(.bss)
    .bss                                     0x20000180   Section      144  usart.o(.bss)
    .bss                                     0x20000210   Section      216  uart.o(.bss)
    .bss                                     0x200002e8   Section       40  hc_sr04.o(.bss)
    STACK                                    0x20000310   Section     1024  startup_stm32f103xb.o(STACK)

    Global Symbols

    Symbol Name                              Value     Ov Type        Size  Object(Section)

    BuildAttributes$$THM_ISAv4$P$D$K$B$S$PE$A:L22UL41UL21$X:L11$S22US41US21$IEEE1$IW$USESV6$~STKCKD$USESV7$~SHL$OTIME$ROPI$EBA8$MICROLIB$REQ8$PRES8$EABIv2 0x00000000   Number         0  anon$$obj.o ABSOLUTE
    __ARM_use_no_argv                        0x00000000   Number         0  main.o ABSOLUTE
    _printf_a                                0x00000000   Number         0  stubs.o ABSOLUTE
    _printf_c                                0x00000000   Number         0  stubs.o ABSOLUTE
    _printf_charcount                        0x00000000   Number         0  stubs.o ABSOLUTE
    _printf_d                                0x00000000   Number         0  stubs.o ABSOLUTE
    _printf_e                                0x00000000   Number         0  stubs.o ABSOLUTE
    _printf_f                                0x00000000   Number         0  stubs.o ABSOLUTE
    _printf_flags                            0x00000000   Number         0  stubs.o ABSOLUTE
    _printf_fp_dec                           0x00000000   Number         0  stubs.o ABSOLUTE
    _printf_fp_hex                           0x00000000   Number         0  stubs.o ABSOLUTE
    _printf_g                                0x00000000   Number         0  stubs.o ABSOLUTE
    _printf_i                                0x00000000   Number         0  stubs.o ABSOLUTE
    _printf_int_dec                          0x00000000   Number         0  stubs.o ABSOLUTE
    _printf_l                                0x00000000   Number         0  stubs.o ABSOLUTE
    _printf_lc                               0x00000000   Number         0  stubs.o ABSOLUTE
    _printf_ll                               0x00000000   Number         0  stubs.o ABSOLUTE
    _printf_lld                              0x00000000   Number         0  stubs.o ABSOLUTE
    _printf_lli                              0x00000000   Number         0  stubs.o ABSOLUTE
    _printf_llo                              0x00000000   Number         0  stubs.o ABSOLUTE
    _printf_llu                              0x00000000   Number         0  stubs.o ABSOLUTE
    _printf_llx                              0x00000000   Number         0  stubs.o ABSOLUTE
    _printf_longlong_dec                     0x00000000   Number         0  stubs.o ABSOLUTE
    _printf_longlong_hex                     0x00000000   Number         0  stubs.o ABSOLUTE
    _printf_longlong_oct                     0x00000000   Number         0  stubs.o ABSOLUTE
    _printf_ls                               0x00000000   Number         0  stubs.o ABSOLUTE
    _printf_mbtowc                           0x00000000   Number         0  stubs.o ABSOLUTE
    _printf_n                                0x00000000   Number         0  stubs.o ABSOLUTE
    _printf_o                                0x00000000   Number         0  stubs.o ABSOLUTE
    _printf_p                                0x00000000   Number         0  stubs.o ABSOLUTE
    _printf_percent                          0x00000000   Number         0  stubs.o ABSOLUTE
    _printf_pre_padding                      0x00000000   Number         0  stubs.o ABSOLUTE
    _printf_return_value                     0x00000000   Number         0  stubs.o ABSOLUTE
    _printf_s                                0x00000000   Number         0  stubs.o ABSOLUTE
    _printf_sizespec                         0x00000000   Number         0  stubs.o ABSOLUTE
    _printf_str                              0x00000000   Number         0  stubs.o ABSOLUTE
    _printf_truncate_signed                  0x00000000   Number         0  stubs.o ABSOLUTE
    _printf_truncate_unsigned                0x00000000   Number         0  stubs.o ABSOLUTE
    _printf_u                                0x00000000   Number         0  stubs.o ABSOLUTE
    _printf_wc                               0x00000000   Number         0  stubs.o ABSOLUTE
    _printf_wctomb                           0x00000000   Number         0  stubs.o ABSOLUTE
    _printf_widthprec                        0x00000000   Number         0  stubs.o ABSOLUTE
    _printf_x                                0x00000000   Number         0  stubs.o ABSOLUTE
    __arm_fini_                               - Undefined Weak Reference
    __cpp_initialize__aeabi_                  - Undefined Weak Reference
    __cxa_finalize                            - Undefined Weak Reference
    __decompress                              - Undefined Weak Reference
    _clock_init                               - Undefined Weak Reference
    _microlib_exit                            - Undefined Weak Reference
    __Vectors_Size                           0x000000ec   Number         0  startup_stm32f103xb.o ABSOLUTE
    __Vectors                                0x08000000   Data           4  startup_stm32f103xb.o(RESET)
    __Vectors_End                            0x080000ec   Data           0  startup_stm32f103xb.o(RESET)
    __main                                   0x080000ed   Thumb Code     0  entry.o(.ARM.Collect$$$$00000000)
    _main_stk                                0x080000ed   Thumb Code     0  entry2.o(.ARM.Collect$$$$00000001)
    _main_scatterload                        0x080000f1   Thumb Code     0  entry5.o(.ARM.Collect$$$$00000004)
    __main_after_scatterload                 0x080000f5   Thumb Code     0  entry5.o(.ARM.Collect$$$$00000004)
    _main_clock                              0x080000f5   Thumb Code     0  entry7b.o(.ARM.Collect$$$$00000008)
    _main_cpp_init                           0x080000f5   Thumb Code     0  entry8b.o(.ARM.Collect$$$$0000000A)
    _main_init                               0x080000f5   Thumb Code     0  entry9a.o(.ARM.Collect$$$$0000000B)
    __rt_lib_shutdown_fini                   0x080000fd   Thumb Code     0  entry12b.o(.ARM.Collect$$$$0000000E)
    __rt_final_cpp                           0x08000101   Thumb Code     0  entry10a.o(.ARM.Collect$$$$0000000F)
    __rt_final_exit                          0x08000101   Thumb Code     0  entry11a.o(.ARM.Collect$$$$00000011)
    Reset_Handler                            0x08000105   Thumb Code     8  startup_stm32f103xb.o(.text)
    ADC1_2_IRQHandler                        0x0800011f   Thumb Code     0  startup_stm32f103xb.o(.text)
    CAN1_RX1_IRQHandler                      0x0800011f   Thumb Code     0  startup_stm32f103xb.o(.text)
    CAN1_SCE_IRQHandler                      0x0800011f   Thumb Code     0  startup_stm32f103xb.o(.text)
    DMA1_Channel1_IRQHandler                 0x0800011f   Thumb Code     0  startup_stm32f103xb.o(.text)
    DMA1_Channel2_IRQHandler                 0x0800011f   Thumb Code     0  startup_stm32f103xb.o(.text)
    DMA1_Channel3_IRQHandler                 0x0800011f   Thumb Code     0  startup_stm32f103xb.o(.text)
    DMA1_Channel4_IRQHandler                 0x0800011f   Thumb Code     0  startup_stm32f103xb.o(.text)
    DMA1_Channel5_IRQHandler                 0x0800011f   Thumb Code     0  startup_stm32f103xb.o(.text)
    DMA1_Channel6_IRQHandler                 0x0800011f   Thumb Code     0  startup_stm32f103xb.o(.text)
    DMA1_Channel7_IRQHandler                 0x0800011f   Thumb Code     0  startup_stm32f103xb.o(.text)
    EXTI0_IRQHandler                         0x0800011f   Thumb Code     0  startup_stm32f103xb.o(.text)
    EXTI1_IRQHandler                         0x0800011f   Thumb Code     0  startup_stm32f103xb.o(.text)
    EXTI2_IRQHandler                         0x0800011f   Thumb Code     0  startup_stm32f103xb.o(.text)
    EXTI3_IRQHandler                         0x0800011f   Thumb Code     0  startup_stm32f103xb.o(.text)
    EXTI4_IRQHandler                         0x0800011f   Thumb Code     0  startup_stm32f103xb.o(.text)
    FLASH_IRQHandler                         0x0800011f   Thumb Code     0  startup_stm32f103xb.o(.text)
    I2C1_ER_IRQHandler                       0x0800011f   Thumb Code     0  startup_stm32f103xb.o(.text)
    I2C1_EV_IRQHandler                       0x0800011f   Thumb Code     0  startup_stm32f103xb.o(.text)
    I2C2_ER_IRQHandler                       0x0800011f   Thumb Code     0  startup_stm32f103xb.o(.text)
    I2C2_EV_IRQHandler                       0x0800011f   Thumb Code     0  startup_stm32f103xb.o(.text)
    PVD_IRQHandler                           0x0800011f   Thumb Code     0  startup_stm32f103xb.o(.text)
    RTC_Alarm_IRQHandler                     0x0800011f   Thumb Code     0  startup_stm32f103xb.o(.text)
    RTC_IRQHandler                           0x0800011f   Thumb Code     0  startup_stm32f103xb.o(.text)
    SPI1_IRQHandler                          0x0800011f   Thumb Code     0  startup_stm32f103xb.o(.text)
    SPI2_IRQHandler                          0x0800011f   Thumb Code     0  startup_stm32f103xb.o(.text)
    TAMPER_IRQHandler                        0x0800011f   Thumb Code     0  startup_stm32f103xb.o(.text)
    TIM1_BRK_IRQHandler                      0x0800011f   Thumb Code     0  startup_stm32f103xb.o(.text)
    USART2_IRQHandler                        0x0800011f   Thumb Code     0  startup_stm32f103xb.o(.text)
    USBWakeUp_IRQHandler                     0x0800011f   Thumb Code     0  startup_stm32f103xb.o(.text)
    USB_HP_CAN1_TX_IRQHandler                0x0800011f   Thumb Code     0  startup_stm32f103xb.o(.text)
    USB_LP_CAN1_RX0_IRQHandler               0x0800011f   Thumb Code     0  startup_stm32f103xb.o(.text)
    WWDG_IRQHandler                          0x0800011f   Thumb Code     0  startup_stm32f103xb.o(.text)
    __aeabi_llsr                             0x08000129   Thumb Code    32  llushr.o(.text)
    _ll_ushift_r                             0x08000129   Thumb Code     0  llushr.o(.text)
    __aeabi_memset                           0x08000149   Thumb Code    14  memseta.o(.text)
    __aeabi_memset4                          0x08000149   Thumb Code     0  memseta.o(.text)
    __aeabi_memset8                          0x08000149   Thumb Code     0  memseta.o(.text)
    __aeabi_memclr                           0x08000157   Thumb Code     4  memseta.o(.text)
    __aeabi_memclr4                          0x08000157   Thumb Code     0  memseta.o(.text)
    __aeabi_memclr8                          0x08000157   Thumb Code     0  memseta.o(.text)
    _memset$wrapper                          0x0800015b   Thumb Code    18  memseta.o(.text)
    __aeabi_fadd                             0x0800016d   Thumb Code   164  fadd.o(.text)
    __aeabi_fsub                             0x08000211   Thumb Code     6  fadd.o(.text)
    __aeabi_frsub                            0x08000217   Thumb Code     6  fadd.o(.text)
    __aeabi_fmul                             0x0800021d   Thumb Code   100  fmul.o(.text)
    __aeabi_fdiv                             0x08000281   Thumb Code   124  fdiv.o(.text)
    __aeabi_dmul                             0x080002fd   Thumb Code   228  dmul.o(.text)
    __aeabi_ddiv                             0x080003e1   Thumb Code   222  ddiv.o(.text)
    __ARM_scalbn                             0x080004bf   Thumb Code    46  dscalb.o(.text)
    scalbn                                   0x080004bf   Thumb Code     0  dscalb.o(.text)
    __aeabi_ui2f                             0x080004ed   Thumb Code    10  ffltui.o(.text)
    __aeabi_ui2d                             0x080004f7   Thumb Code    26  dfltui.o(.text)
    __aeabi_f2iz                             0x08000511   Thumb Code    50  ffixi.o(.text)
    __aeabi_f2uiz                            0x08000543   Thumb Code    40  ffixui.o(.text)
    __aeabi_d2f                              0x0800056b   Thumb Code    56  d2f.o(.text)
    __aeabi_uidiv                            0x080005a3   Thumb Code     0  uidiv.o(.text)
    __aeabi_uidivmod                         0x080005a3   Thumb Code    44  uidiv.o(.text)
    __I$use$fp                               0x080005cf   Thumb Code     0  iusefp.o(.text)
    _float_round                             0x080005cf   Thumb Code    18  fepilogue.o(.text)
    _float_epilogue                          0x080005e1   Thumb Code    92  fepilogue.o(.text)
    _double_round                            0x0800063d   Thumb Code    30  depilogue.o(.text)
    _double_epilogue                         0x0800065b   Thumb Code   156  depilogue.o(.text)
    __scatterload                            0x080006f9   Thumb Code    28  init.o(.text)
    __scatterload_rt2                        0x080006f9   Thumb Code     0  init.o(.text)
    __aeabi_llsl                             0x0800071d   Thumb Code    30  llshl.o(.text)
    _ll_shift_l                              0x0800071d   Thumb Code     0  llshl.o(.text)
    BusFault_Handler                         0x0800073b   Thumb Code     2  stm32f1xx_it.o(i.BusFault_Handler)
    Car_depart                               0x0800073d   Thumb Code   164  car_control.o(i.Car_depart)
    Car_return                               0x08000801   Thumb Code   156  car_control.o(i.Car_return)
    Check_Have_barrier                       0x080008b1   Thumb Code    34  car_control.o(i.Check_Have_barrier)
    Check_Have_key3                          0x080008dd   Thumb Code    20  car_control.o(i.Check_Have_key3)
    Check_Have_object                        0x080008f5   Thumb Code    20  car_control.o(i.Check_Have_object)
    Check_Have_wire                          0x08000909   Thumb Code    90  car_control.o(i.Check_Have_wire)
    DebugMon_Handler                         0x0800096d   Thumb Code     2  stm32f1xx_it.o(i.DebugMon_Handler)
    Delay_ms                                 0x0800096f   Thumb Code    22  delay.o(i.Delay_ms)
    Delay_us                                 0x08000985   Thumb Code    32  delay.o(i.Delay_us)
    EXTI15_10_IRQHandler                     0x080009a5   Thumb Code    38  stm32f1xx_it.o(i.EXTI15_10_IRQHandler)
    EXTI9_5_IRQHandler                       0x080009cb   Thumb Code     8  stm32f1xx_it.o(i.EXTI9_5_IRQHandler)
    Error_Handler                            0x080009d3   Thumb Code     4  main.o(i.Error_Handler)
    Get_Maopi                                0x080009d9   Thumb Code    22  hx711.o(i.Get_Maopi)
    Get_Weight                               0x08000a09   Thumb Code    48  hx711.o(i.Get_Weight)
    HAL_DMA_Abort                            0x08000a3d   Thumb Code    70  stm32f1xx_hal_dma.o(i.HAL_DMA_Abort)
    HAL_DMA_Abort_IT                         0x08000a85   Thumb Code   148  stm32f1xx_hal_dma.o(i.HAL_DMA_Abort_IT)
    HAL_Delay                                0x08000b1d   Thumb Code    32  stm32f1xx_hal.o(i.HAL_Delay)
    HAL_GPIO_EXTI_Callback                   0x08000b41   Thumb Code   230  infrared.o(i.HAL_GPIO_EXTI_Callback)
    HAL_GPIO_EXTI_IRQHandler                 0x08000c6d   Thumb Code    18  stm32f1xx_hal_gpio.o(i.HAL_GPIO_EXTI_IRQHandler)
    HAL_GPIO_Init                            0x08000c85   Thumb Code   446  stm32f1xx_hal_gpio.o(i.HAL_GPIO_Init)
    HAL_GPIO_ReadPin                         0x08000e65   Thumb Code    10  stm32f1xx_hal_gpio.o(i.HAL_GPIO_ReadPin)
    HAL_GPIO_WritePin                        0x08000e6f   Thumb Code    10  stm32f1xx_hal_gpio.o(i.HAL_GPIO_WritePin)
    HAL_GetTick                              0x08000e79   Thumb Code     6  stm32f1xx_hal.o(i.HAL_GetTick)
    HAL_IncTick                              0x08000e85   Thumb Code    12  stm32f1xx_hal.o(i.HAL_IncTick)
    HAL_Init                                 0x08000e95   Thumb Code    32  stm32f1xx_hal.o(i.HAL_Init)
    HAL_InitTick                             0x08000eb9   Thumb Code    54  stm32f1xx_hal.o(i.HAL_InitTick)
    HAL_MspInit                              0x08000ef9   Thumb Code    68  stm32f1xx_hal_msp.o(i.HAL_MspInit)
    HAL_NVIC_EnableIRQ                       0x08000f45   Thumb Code    26  stm32f1xx_hal_cortex.o(i.HAL_NVIC_EnableIRQ)
    HAL_NVIC_SetPriority                     0x08000f61   Thumb Code    60  stm32f1xx_hal_cortex.o(i.HAL_NVIC_SetPriority)
    HAL_NVIC_SetPriorityGrouping             0x08000fa1   Thumb Code    26  stm32f1xx_hal_cortex.o(i.HAL_NVIC_SetPriorityGrouping)
    HAL_RCC_ClockConfig                      0x08000fc5   Thumb Code   280  stm32f1xx_hal_rcc.o(i.HAL_RCC_ClockConfig)
    HAL_RCC_GetPCLK1Freq                     0x080010f1   Thumb Code    20  stm32f1xx_hal_rcc.o(i.HAL_RCC_GetPCLK1Freq)
    HAL_RCC_GetPCLK2Freq                     0x08001111   Thumb Code    20  stm32f1xx_hal_rcc.o(i.HAL_RCC_GetPCLK2Freq)
    HAL_RCC_GetSysClockFreq                  0x08001131   Thumb Code    58  stm32f1xx_hal_rcc.o(i.HAL_RCC_GetSysClockFreq)
    HAL_RCC_OscConfig                        0x0800117d   Thumb Code   778  stm32f1xx_hal_rcc.o(i.HAL_RCC_OscConfig)
    HAL_SYSTICK_Config                       0x0800149d   Thumb Code    40  stm32f1xx_hal_cortex.o(i.HAL_SYSTICK_Config)
    HAL_TIMEx_BreakCallback                  0x080014c5   Thumb Code     2  stm32f1xx_hal_tim_ex.o(i.HAL_TIMEx_BreakCallback)
    HAL_TIMEx_CommutCallback                 0x080014c7   Thumb Code     2  stm32f1xx_hal_tim_ex.o(i.HAL_TIMEx_CommutCallback)
    HAL_TIMEx_MasterConfigSynchronization    0x080014c9   Thumb Code    92  stm32f1xx_hal_tim_ex.o(i.HAL_TIMEx_MasterConfigSynchronization)
    HAL_TIM_Base_Init                        0x08001531   Thumb Code    90  stm32f1xx_hal_tim.o(i.HAL_TIM_Base_Init)
    HAL_TIM_Base_MspInit                     0x0800158d   Thumb Code   122  tim.o(i.HAL_TIM_Base_MspInit)
    HAL_TIM_Base_Start_IT                    0x08001615   Thumb Code    76  stm32f1xx_hal_tim.o(i.HAL_TIM_Base_Start_IT)
    HAL_TIM_ConfigClockSource                0x0800166d   Thumb Code   220  stm32f1xx_hal_tim.o(i.HAL_TIM_ConfigClockSource)
    HAL_TIM_IC_CaptureCallback               0x08001749   Thumb Code     4  hc_sr04.o(i.HAL_TIM_IC_CaptureCallback)
    HAL_TIM_IC_ConfigChannel                 0x0800174d   Thumb Code   292  stm32f1xx_hal_tim.o(i.HAL_TIM_IC_ConfigChannel)
    HAL_TIM_IC_Init                          0x08001871   Thumb Code    90  stm32f1xx_hal_tim.o(i.HAL_TIM_IC_Init)
    HAL_TIM_IC_MspInit                       0x080018cb   Thumb Code     2  stm32f1xx_hal_tim.o(i.HAL_TIM_IC_MspInit)
    HAL_TIM_IC_Start_IT                      0x080018cd   Thumb Code   216  stm32f1xx_hal_tim.o(i.HAL_TIM_IC_Start_IT)
    HAL_TIM_IRQHandler                       0x080019b1   Thumb Code   358  stm32f1xx_hal_tim.o(i.HAL_TIM_IRQHandler)
    HAL_TIM_MspPostInit                      0x08001b19   Thumb Code   154  tim.o(i.HAL_TIM_MspPostInit)
    HAL_TIM_OC_DelayElapsedCallback          0x08001bcd   Thumb Code     2  stm32f1xx_hal_tim.o(i.HAL_TIM_OC_DelayElapsedCallback)
    HAL_TIM_PWM_ConfigChannel                0x08001bcf   Thumb Code   204  stm32f1xx_hal_tim.o(i.HAL_TIM_PWM_ConfigChannel)
    HAL_TIM_PWM_Init                         0x08001c9b   Thumb Code    90  stm32f1xx_hal_tim.o(i.HAL_TIM_PWM_Init)
    HAL_TIM_PWM_MspInit                      0x08001cf5   Thumb Code   122  tim.o(i.HAL_TIM_PWM_MspInit)
    HAL_TIM_PWM_PulseFinishedCallback        0x08001d7d   Thumb Code     2  stm32f1xx_hal_tim.o(i.HAL_TIM_PWM_PulseFinishedCallback)
    HAL_TIM_PWM_Start_IT                     0x08001d81   Thumb Code   188  stm32f1xx_hal_tim.o(i.HAL_TIM_PWM_Start_IT)
    HAL_TIM_PeriodElapsedCallback            0x08001e49   Thumb Code     4  hc_sr04.o(i.HAL_TIM_PeriodElapsedCallback)
    HAL_TIM_ReadCapturedValue                0x08001e4d   Thumb Code    42  stm32f1xx_hal_tim.o(i.HAL_TIM_ReadCapturedValue)
    HAL_TIM_TriggerCallback                  0x08001e77   Thumb Code     2  stm32f1xx_hal_tim.o(i.HAL_TIM_TriggerCallback)
    HAL_UARTEx_RxEventCallback               0x08001e79   Thumb Code     2  stm32f1xx_hal_uart.o(i.HAL_UARTEx_RxEventCallback)
    HAL_UART_ErrorCallback                   0x08001e7b   Thumb Code     2  stm32f1xx_hal_uart.o(i.HAL_UART_ErrorCallback)
    HAL_UART_IRQHandler                      0x08001e7d   Thumb Code   616  stm32f1xx_hal_uart.o(i.HAL_UART_IRQHandler)
    HAL_UART_Init                            0x080020e9   Thumb Code   100  stm32f1xx_hal_uart.o(i.HAL_UART_Init)
    HAL_UART_MspInit                         0x0800214d   Thumb Code   198  usart.o(i.HAL_UART_MspInit)
    HAL_UART_Receive_IT                      0x08002229   Thumb Code    28  stm32f1xx_hal_uart.o(i.HAL_UART_Receive_IT)
    HAL_UART_RxCpltCallback                  0x08002245   Thumb Code    78  uart.o(i.HAL_UART_RxCpltCallback)
    HAL_UART_Transmit                        0x080022a1   Thumb Code   154  stm32f1xx_hal_uart.o(i.HAL_UART_Transmit)
    HAL_UART_TxCpltCallback                  0x0800233b   Thumb Code     2  stm32f1xx_hal_uart.o(i.HAL_UART_TxCpltCallback)
    HardFault_Handler                        0x0800233d   Thumb Code     2  stm32f1xx_it.o(i.HardFault_Handler)
    Hcsr04Init                               0x08002341   Thumb Code    74  hc_sr04.o(i.Hcsr04Init)
    Hcsr04Read                               0x08002391   Thumb Code    16  hc_sr04.o(i.Hcsr04Read)
    Hcsr04Start                              0x080023a9   Thumb Code    36  hc_sr04.o(i.Hcsr04Start)
    Hcsr04TimIcIsr                           0x080023d1   Thumb Code   276  hc_sr04.o(i.Hcsr04TimIcIsr)
    Hcsr04TimOverflowIsr                     0x080024f5   Thumb Code    18  hc_sr04.o(i.Hcsr04TimOverflowIsr)
    KLM                                      0x0800250d   Thumb Code    88  hx711.o(i.KLM)
    MX_GPIO_Init                             0x08002569   Thumb Code   314  gpio.o(i.MX_GPIO_Init)
    MX_TIM1_Init                             0x080026b9   Thumb Code   142  tim.o(i.MX_TIM1_Init)
    MX_TIM2_Init                             0x08002751   Thumb Code   120  tim.o(i.MX_TIM2_Init)
    MX_TIM3_Init                             0x080027cd   Thumb Code   108  tim.o(i.MX_TIM3_Init)
    MX_TIM4_Init                             0x08002841   Thumb Code   118  tim.o(i.MX_TIM4_Init)
    MX_USART1_UART_Init                      0x080028c1   Thumb Code    48  usart.o(i.MX_USART1_UART_Init)
    MX_USART3_UART_Init                      0x080028f9   Thumb Code    48  usart.o(i.MX_USART3_UART_Init)
    MemManage_Handler                        0x08002931   Thumb Code     2  stm32f1xx_it.o(i.MemManage_Handler)
    Motor_advance                            0x08002935   Thumb Code   162  motor.o(i.Motor_advance)
    Motor_init                               0x080029ed   Thumb Code   168  motor.o(i.Motor_init)
    Motor_left                               0x08002aad   Thumb Code   126  motor.o(i.Motor_left)
    Motor_leftIN                             0x08002b41   Thumb Code    26  motor.o(i.Motor_leftIN)
    Motor_right                              0x08002b65   Thumb Code   126  motor.o(i.Motor_right)
    Motor_rightIN                            0x08002bf9   Thumb Code    26  motor.o(i.Motor_rightIN)
    Motor_rightRe                            0x08002c1d   Thumb Code   122  motor.o(i.Motor_rightRe)
    Motor_start                              0x08002cad   Thumb Code    10  motor.o(i.Motor_start)
    Motor_stop                               0x08002cbd   Thumb Code    12  motor.o(i.Motor_stop)
    NMI_Handler                              0x08002ccd   Thumb Code     2  stm32f1xx_it.o(i.NMI_Handler)
    PendSV_Handler                           0x08002ccf   Thumb Code     2  stm32f1xx_it.o(i.PendSV_Handler)
    RCC_IRQHandler                           0x08002cd1   Thumb Code     2  stm32f1xx_it.o(i.RCC_IRQHandler)
    SVC_Handler                              0x08002cd3   Thumb Code     2  stm32f1xx_it.o(i.SVC_Handler)
    Sensor_Read                              0x08002cd5   Thumb Code   158  hx711.o(i.Sensor_Read)
    Set_ThresholdValue                       0x08002d79   Thumb Code    18  motor.o(i.Set_ThresholdValue)
    Set_Value                                0x08002d8d   Thumb Code    18  infrared.o(i.Set_Value)
    Speaker                                  0x08002da5   Thumb Code    48  uart.o(i.Speaker)
    SysTick_Handler                          0x08002ddd   Thumb Code     4  stm32f1xx_it.o(i.SysTick_Handler)
    SystemClock_Config                       0x08002de1   Thumb Code    94  main.o(i.SystemClock_Config)
    SystemInit                               0x08002e3f   Thumb Code     2  system_stm32f1xx.o(i.SystemInit)
    TIM1_CC_IRQHandler                       0x08002e41   Thumb Code     6  stm32f1xx_it.o(i.TIM1_CC_IRQHandler)
    TIM1_TRG_COM_IRQHandler                  0x08002e4d   Thumb Code     6  stm32f1xx_it.o(i.TIM1_TRG_COM_IRQHandler)
    TIM1_UP_IRQHandler                       0x08002e59   Thumb Code     6  stm32f1xx_it.o(i.TIM1_UP_IRQHandler)
    TIM2_IRQHandler                          0x08002e65   Thumb Code     6  stm32f1xx_it.o(i.TIM2_IRQHandler)
    TIM3_IRQHandler                          0x08002e71   Thumb Code     6  stm32f1xx_it.o(i.TIM3_IRQHandler)
    TIM4_IRQHandler                          0x08002e7d   Thumb Code     6  stm32f1xx_it.o(i.TIM4_IRQHandler)
    TIM_Base_SetConfig                       0x08002e89   Thumb Code    94  stm32f1xx_hal_tim.o(i.TIM_Base_SetConfig)
    TIM_CCxChannelCmd                        0x08002ef5   Thumb Code    26  stm32f1xx_hal_tim.o(i.TIM_CCxChannelCmd)
    TIM_ETR_SetConfig                        0x08002f0f   Thumb Code    20  stm32f1xx_hal_tim.o(i.TIM_ETR_SetConfig)
    TIM_OC2_SetConfig                        0x08002f85   Thumb Code    84  stm32f1xx_hal_tim.o(i.TIM_OC2_SetConfig)
    TIM_TI1_SetConfig                        0x0800309d   Thumb Code    76  stm32f1xx_hal_tim.o(i.TIM_TI1_SetConfig)
    UART_Start_Receive_IT                    0x08003329   Thumb Code    54  stm32f1xx_hal_uart.o(i.UART_Start_Receive_IT)
    USART1_IRQHandler                        0x080033d9   Thumb Code     6  stm32f1xx_it.o(i.USART1_IRQHandler)
    USART3_IRQHandler                        0x080033e5   Thumb Code     6  stm32f1xx_it.o(i.USART3_IRQHandler)
    Uart1_Send                               0x080033f1   Thumb Code    12  uart.o(i.Uart1_Send)
    UartClean                                0x08003401   Thumb Code     6  uart.o(i.UartClean)
    UartInit                                 0x08003407   Thumb Code    22  uart.o(i.UartInit)
    UsageFault_Handler                       0x0800341d   Thumb Code     2  stm32f1xx_it.o(i.UsageFault_Handler)
    __0printf$1                              0x08003421   Thumb Code    22  printf1.o(i.__0printf$1)
    __1printf$1                              0x08003421   Thumb Code     0  printf1.o(i.__0printf$1)
    __2printf                                0x08003421   Thumb Code     0  printf1.o(i.__0printf$1)
    __scatterload_copy                       0x08003461   Thumb Code    14  handlers.o(i.__scatterload_copy)
    __scatterload_null                       0x0800346f   Thumb Code     2  handlers.o(i.__scatterload_null)
    __scatterload_zeroinit                   0x08003471   Thumb Code    14  handlers.o(i.__scatterload_zeroinit)
    fputc                                    0x080035d5   Thumb Code    14  uart.o(i.fputc)
    main                                     0x080035e5   Thumb Code   152  main.o(i.main)
    AHBPrescTable                            0x080036ba   Data          16  system_stm32f1xx.o(.constdata)
    APBPrescTable                            0x080036ca   Data           8  system_stm32f1xx.o(.constdata)
    Region$$Table$$Base                      0x080036d4   Number         0  anon$$obj.o(Region$$Table)
    Region$$Table$$Limit                     0x080036f4   Number         0  anon$$obj.o(Region$$Table)
    Areturn                                  0x20000002   Data           2  car_control.o(.data)
    uwTickFreq                               0x20000004   Data           1  stm32f1xx_hal.o(.data)
    uwTickPrio                               0x20000008   Data           4  stm32f1xx_hal.o(.data)
    uwTick                                   0x2000000c   Data           4  stm32f1xx_hal.o(.data)
    SystemCoreClock                          0x20000010   Data           4  system_stm32f1xx.o(.data)
    Motor                                    0x20000016   Data           4  motor.o(.data)
    Speakerdata                              0x2000001a   Data          15  uart.o(.data)
    Infared                                  0x20000029   Data           6  infrared.o(.data)
    hx711_YN                                 0x20000030   Data           1  hx711.o(.data)
    Weight_Maopi                             0x20000034   Data           4  hx711.o(.data)
    P                                        0x20000038   Data           4  hx711.o(.data)
    X                                        0x2000003c   Data           4  hx711.o(.data)
    K                                        0x20000040   Data           4  hx711.o(.data)
    Q                                        0x20000044   Data           4  hx711.o(.data)
    R                                        0x20000048   Data           4  hx711.o(.data)
    HX711_Buffer                             0x2000004c   Data           4  hx711.o(.data)
    Weight_Shiwu                             0x20000050   Data           4  hx711.o(.data)
    P_                                       0x20000054   Data           4  hx711.o(.data)
    X_                                       0x20000058   Data           4  hx711.o(.data)
    __stdout                                 0x2000005c   Data           4  stdout.o(.data)
    htim1                                    0x20000060   Data          72  tim.o(.bss)
    htim2                                    0x200000a8   Data          72  tim.o(.bss)
    htim3                                    0x200000f0   Data          72  tim.o(.bss)
    htim4                                    0x20000138   Data          72  tim.o(.bss)
    huart1                                   0x20000180   Data          72  usart.o(.bss)
    huart3                                   0x200001c8   Data          72  usart.o(.bss)
    UART1                                    0x20000210   Data         108  uart.o(.bss)
    UART3                                    0x2000027c   Data         108  uart.o(.bss)
    Hcsr04Info                               0x200002e8   Data          40  hc_sr04.o(.bss)
    __initial_sp                             0x20000710   Data           0  startup_stm32f103xb.o(STACK)



==============================================================================

Memory Map of the image

  Image Entry point : 0x080000ed

  Load Region LR_IROM1 (Base: 0x08000000, Size: 0x00003754, Max: 0x00010000, ABSOLUTE)

    Execution Region ER_IROM1 (Exec base: 0x08000000, Load base: 0x08000000, Size: 0x000036f4, Max: 0x00010000, ABSOLUTE)

    Exec Addr    Load Addr    Size         Type   Attr      Idx    E Section Name        Object

    0x08000000   0x08000000   0x000000ec   Data   RO         2927    RESET               startup_stm32f103xb.o
    0x080000ec   0x080000ec   0x00000000   Code   RO         3363  * .ARM.Collect$$$$00000000  mc_w.l(entry.o)
    0x080000ec   0x080000ec   0x00000004   Code   RO         3655    .ARM.Collect$$$$00000001  mc_w.l(entry2.o)
    0x080000f0   0x080000f0   0x00000004   Code   RO         3658    .ARM.Collect$$$$00000004  mc_w.l(entry5.o)
    0x080000f4   0x080000f4   0x00000000   Code   RO         3660    .ARM.Collect$$$$00000008  mc_w.l(entry7b.o)
    0x080000f4   0x080000f4   0x00000000   Code   RO         3662    .ARM.Collect$$$$0000000A  mc_w.l(entry8b.o)
    0x080000f4   0x080000f4   0x00000008   Code   RO         3663    .ARM.Collect$$$$0000000B  mc_w.l(entry9a.o)
    0x080000fc   0x080000fc   0x00000004   Code   RO         3670    .ARM.Collect$$$$0000000E  mc_w.l(entry12b.o)
    0x08000100   0x08000100   0x00000000   Code   RO         3665    .ARM.Collect$$$$0000000F  mc_w.l(entry10a.o)
    0x08000100   0x08000100   0x00000000   Code   RO         3667    .ARM.Collect$$$$00000011  mc_w.l(entry11a.o)
    0x08000100   0x08000100   0x00000004   Code   RO         3656    .ARM.Collect$$$$00002712  mc_w.l(entry2.o)
    0x08000104   0x08000104   0x00000024   Code   RO         2928    .text               startup_stm32f103xb.o
    0x08000128   0x08000128   0x00000020   Code   RO         3366    .text               mc_w.l(llushr.o)
    0x08000148   0x08000148   0x00000024   Code   RO         3368    .text               mc_w.l(memseta.o)
    0x0800016c   0x0800016c   0x000000b0   Code   RO         3633    .text               mf_w.l(fadd.o)
    0x0800021c   0x0800021c   0x00000064   Code   RO         3635    .text               mf_w.l(fmul.o)
    0x08000280   0x08000280   0x0000007c   Code   RO         3637    .text               mf_w.l(fdiv.o)
    0x080002fc   0x080002fc   0x000000e4   Code   RO         3639    .text               mf_w.l(dmul.o)
    0x080003e0   0x080003e0   0x000000de   Code   RO         3641    .text               mf_w.l(ddiv.o)
    0x080004be   0x080004be   0x0000002e   Code   RO         3643    .text               mf_w.l(dscalb.o)
    0x080004ec   0x080004ec   0x0000000a   Code   RO         3645    .text               mf_w.l(ffltui.o)
    0x080004f6   0x080004f6   0x0000001a   Code   RO         3647    .text               mf_w.l(dfltui.o)
    0x08000510   0x08000510   0x00000032   Code   RO         3649    .text               mf_w.l(ffixi.o)
    0x08000542   0x08000542   0x00000028   Code   RO         3651    .text               mf_w.l(ffixui.o)
    0x0800056a   0x0800056a   0x00000038   Code   RO         3653    .text               mf_w.l(d2f.o)
    0x080005a2   0x080005a2   0x0000002c   Code   RO         3672    .text               mc_w.l(uidiv.o)
    0x080005ce   0x080005ce   0x00000000   Code   RO         3676    .text               mc_w.l(iusefp.o)
    0x080005ce   0x080005ce   0x0000006e   Code   RO         3677    .text               mf_w.l(fepilogue.o)
    0x0800063c   0x0800063c   0x000000ba   Code   RO         3679    .text               mf_w.l(depilogue.o)
    0x080006f6   0x080006f6   0x00000002   PAD
    0x080006f8   0x080006f8   0x00000024   Code   RO         3687    .text               mc_w.l(init.o)
    0x0800071c   0x0800071c   0x0000001e   Code   RO         3689    .text               mc_w.l(llshl.o)
    0x0800073a   0x0800073a   0x00000002   Code   RO          331    i.BusFault_Handler  stm32f1xx_it.o
    0x0800073c   0x0800073c   0x000000c4   Code   RO          497    i.Car_depart        car_control.o
    0x08000800   0x08000800   0x000000b0   Code   RO          498    i.Car_return        car_control.o
    0x080008b0   0x080008b0   0x0000002c   Code   RO          499    i.Check_Have_barrier  car_control.o
    0x080008dc   0x080008dc   0x00000018   Code   RO          500    i.Check_Have_key3   car_control.o
    0x080008f4   0x080008f4   0x00000014   Code   RO          501    i.Check_Have_object  car_control.o
    0x08000908   0x08000908   0x00000064   Code   RO          502    i.Check_Have_wire   car_control.o
    0x0800096c   0x0800096c   0x00000002   Code   RO          332    i.DebugMon_Handler  stm32f1xx_it.o
    0x0800096e   0x0800096e   0x00000016   Code   RO         3331    i.Delay_ms          delay.o
    0x08000984   0x08000984   0x00000020   Code   RO         3333    i.Delay_us          delay.o
    0x080009a4   0x080009a4   0x00000026   Code   RO          333    i.EXTI15_10_IRQHandler  stm32f1xx_it.o
    0x080009ca   0x080009ca   0x00000008   Code   RO          334    i.EXTI9_5_IRQHandler  stm32f1xx_it.o
    0x080009d2   0x080009d2   0x00000004   Code   RO            4    i.Error_Handler     main.o
    0x080009d6   0x080009d6   0x00000002   PAD
    0x080009d8   0x080009d8   0x00000030   Code   RO         3274    i.Get_Maopi         hx711.o
    0x08000a08   0x08000a08   0x00000034   Code   RO         3275    i.Get_Weight        hx711.o
    0x08000a3c   0x08000a3c   0x00000046   Code   RO         1969    i.HAL_DMA_Abort     stm32f1xx_hal_dma.o
    0x08000a82   0x08000a82   0x00000002   PAD
    0x08000a84   0x08000a84   0x00000098   Code   RO         1970    i.HAL_DMA_Abort_IT  stm32f1xx_hal_dma.o
    0x08000b1c   0x08000b1c   0x00000024   Code   RO         1595    i.HAL_Delay         stm32f1xx_hal.o
    0x08000b40   0x08000b40   0x0000012c   Code   RO         3234    i.HAL_GPIO_EXTI_Callback  infrared.o
    0x08000c6c   0x08000c6c   0x00000018   Code   RO         1904    i.HAL_GPIO_EXTI_IRQHandler  stm32f1xx_hal_gpio.o
    0x08000c84   0x08000c84   0x000001e0   Code   RO         1905    i.HAL_GPIO_Init     stm32f1xx_hal_gpio.o
    0x08000e64   0x08000e64   0x0000000a   Code   RO         1907    i.HAL_GPIO_ReadPin  stm32f1xx_hal_gpio.o
    0x08000e6e   0x08000e6e   0x0000000a   Code   RO         1909    i.HAL_GPIO_WritePin  stm32f1xx_hal_gpio.o
    0x08000e78   0x08000e78   0x0000000c   Code   RO         1599    i.HAL_GetTick       stm32f1xx_hal.o
    0x08000e84   0x08000e84   0x00000010   Code   RO         1605    i.HAL_IncTick       stm32f1xx_hal.o
    0x08000e94   0x08000e94   0x00000024   Code   RO         1606    i.HAL_Init          stm32f1xx_hal.o
    0x08000eb8   0x08000eb8   0x00000040   Code   RO         1607    i.HAL_InitTick      stm32f1xx_hal.o
    0x08000ef8   0x08000ef8   0x0000004c   Code   RO          473    i.HAL_MspInit       stm32f1xx_hal_msp.o
    0x08000f44   0x08000f44   0x0000001a   Code   RO         2065    i.HAL_NVIC_EnableIRQ  stm32f1xx_hal_cortex.o
    0x08000f5e   0x08000f5e   0x00000002   PAD
    0x08000f60   0x08000f60   0x00000040   Code   RO         2071    i.HAL_NVIC_SetPriority  stm32f1xx_hal_cortex.o
    0x08000fa0   0x08000fa0   0x00000024   Code   RO         2072    i.HAL_NVIC_SetPriorityGrouping  stm32f1xx_hal_cortex.o
    0x08000fc4   0x08000fc4   0x0000012c   Code   RO         1763    i.HAL_RCC_ClockConfig  stm32f1xx_hal_rcc.o
    0x080010f0   0x080010f0   0x00000020   Code   RO         1770    i.HAL_RCC_GetPCLK1Freq  stm32f1xx_hal_rcc.o
    0x08001110   0x08001110   0x00000020   Code   RO         1771    i.HAL_RCC_GetPCLK2Freq  stm32f1xx_hal_rcc.o
    0x08001130   0x08001130   0x0000004c   Code   RO         1772    i.HAL_RCC_GetSysClockFreq  stm32f1xx_hal_rcc.o
    0x0800117c   0x0800117c   0x00000320   Code   RO         1775    i.HAL_RCC_OscConfig  stm32f1xx_hal_rcc.o
    0x0800149c   0x0800149c   0x00000028   Code   RO         2076    i.HAL_SYSTICK_Config  stm32f1xx_hal_cortex.o
    0x080014c4   0x080014c4   0x00000002   Code   RO         1321    i.HAL_TIMEx_BreakCallback  stm32f1xx_hal_tim_ex.o
    0x080014c6   0x080014c6   0x00000002   Code   RO         1322    i.HAL_TIMEx_CommutCallback  stm32f1xx_hal_tim_ex.o
    0x080014c8   0x080014c8   0x00000068   Code   RO         1340    i.HAL_TIMEx_MasterConfigSynchronization  stm32f1xx_hal_tim_ex.o
    0x08001530   0x08001530   0x0000005a   Code   RO          617    i.HAL_TIM_Base_Init  stm32f1xx_hal_tim.o
    0x0800158a   0x0800158a   0x00000002   PAD
    0x0800158c   0x0800158c   0x00000088   Code   RO          206    i.HAL_TIM_Base_MspInit  tim.o
    0x08001614   0x08001614   0x00000058   Code   RO          622    i.HAL_TIM_Base_Start_IT  stm32f1xx_hal_tim.o
    0x0800166c   0x0800166c   0x000000dc   Code   RO          626    i.HAL_TIM_ConfigClockSource  stm32f1xx_hal_tim.o
    0x08001748   0x08001748   0x00000004   Code   RO         3161    i.HAL_TIM_IC_CaptureCallback  hc_sr04.o
    0x0800174c   0x0800174c   0x00000124   Code   RO          653    i.HAL_TIM_IC_ConfigChannel  stm32f1xx_hal_tim.o
    0x08001870   0x08001870   0x0000005a   Code   RO          656    i.HAL_TIM_IC_Init   stm32f1xx_hal_tim.o
    0x080018ca   0x080018ca   0x00000002   Code   RO          658    i.HAL_TIM_IC_MspInit  stm32f1xx_hal_tim.o
    0x080018cc   0x080018cc   0x000000e4   Code   RO          661    i.HAL_TIM_IC_Start_IT  stm32f1xx_hal_tim.o
    0x080019b0   0x080019b0   0x00000166   Code   RO          665    i.HAL_TIM_IRQHandler  stm32f1xx_hal_tim.o
    0x08001b16   0x08001b16   0x00000002   PAD
    0x08001b18   0x08001b18   0x000000b4   Code   RO          207    i.HAL_TIM_MspPostInit  tim.o
    0x08001bcc   0x08001bcc   0x00000002   Code   RO          668    i.HAL_TIM_OC_DelayElapsedCallback  stm32f1xx_hal_tim.o
    0x08001bce   0x08001bce   0x000000cc   Code   RO          689    i.HAL_TIM_PWM_ConfigChannel  stm32f1xx_hal_tim.o
    0x08001c9a   0x08001c9a   0x0000005a   Code   RO          692    i.HAL_TIM_PWM_Init  stm32f1xx_hal_tim.o
    0x08001cf4   0x08001cf4   0x00000088   Code   RO          209    i.HAL_TIM_PWM_MspInit  tim.o
    0x08001d7c   0x08001d7c   0x00000002   Code   RO          695    i.HAL_TIM_PWM_PulseFinishedCallback  stm32f1xx_hal_tim.o
    0x08001d7e   0x08001d7e   0x00000002   PAD
    0x08001d80   0x08001d80   0x000000c8   Code   RO          699    i.HAL_TIM_PWM_Start_IT  stm32f1xx_hal_tim.o
    0x08001e48   0x08001e48   0x00000004   Code   RO         3162    i.HAL_TIM_PeriodElapsedCallback  hc_sr04.o
    0x08001e4c   0x08001e4c   0x0000002a   Code   RO          705    i.HAL_TIM_ReadCapturedValue  stm32f1xx_hal_tim.o
    0x08001e76   0x08001e76   0x00000002   Code   RO          708    i.HAL_TIM_TriggerCallback  stm32f1xx_hal_tim.o
    0x08001e78   0x08001e78   0x00000002   Code   RO         2577    i.HAL_UARTEx_RxEventCallback  stm32f1xx_hal_uart.o
    0x08001e7a   0x08001e7a   0x00000002   Code   RO         2591    i.HAL_UART_ErrorCallback  stm32f1xx_hal_uart.o
    0x08001e7c   0x08001e7c   0x0000026c   Code   RO         2594    i.HAL_UART_IRQHandler  stm32f1xx_hal_uart.o
    0x080020e8   0x080020e8   0x00000064   Code   RO         2595    i.HAL_UART_Init     stm32f1xx_hal_uart.o
    0x0800214c   0x0800214c   0x000000dc   Code   RO          284    i.HAL_UART_MspInit  usart.o
    0x08002228   0x08002228   0x0000001c   Code   RO         2600    i.HAL_UART_Receive_IT  stm32f1xx_hal_uart.o
    0x08002244   0x08002244   0x0000005c   Code   RO         3080    i.HAL_UART_RxCpltCallback  uart.o
    0x080022a0   0x080022a0   0x0000009a   Code   RO         2603    i.HAL_UART_Transmit  stm32f1xx_hal_uart.o
    0x0800233a   0x0800233a   0x00000002   Code   RO         2606    i.HAL_UART_TxCpltCallback  stm32f1xx_hal_uart.o
    0x0800233c   0x0800233c   0x00000002   Code   RO          335    i.HardFault_Handler  stm32f1xx_it.o
    0x0800233e   0x0800233e   0x00000002   PAD
    0x08002340   0x08002340   0x00000050   Code   RO         3163    i.Hcsr04Init        hc_sr04.o
    0x08002390   0x08002390   0x00000018   Code   RO         3164    i.Hcsr04Read        hc_sr04.o
    0x080023a8   0x080023a8   0x00000028   Code   RO         3165    i.Hcsr04Start       hc_sr04.o
    0x080023d0   0x080023d0   0x00000124   Code   RO         3166    i.Hcsr04TimIcIsr    hc_sr04.o
    0x080024f4   0x080024f4   0x00000018   Code   RO         3167    i.Hcsr04TimOverflowIsr  hc_sr04.o
    0x0800250c   0x0800250c   0x0000005c   Code   RO         3277    i.KLM               hx711.o
    0x08002568   0x08002568   0x00000150   Code   RO          181    i.MX_GPIO_Init      gpio.o
    0x080026b8   0x080026b8   0x00000098   Code   RO          210    i.MX_TIM1_Init      tim.o
    0x08002750   0x08002750   0x0000007c   Code   RO          211    i.MX_TIM2_Init      tim.o
    0x080027cc   0x080027cc   0x00000074   Code   RO          212    i.MX_TIM3_Init      tim.o
    0x08002840   0x08002840   0x00000080   Code   RO          213    i.MX_TIM4_Init      tim.o
    0x080028c0   0x080028c0   0x00000038   Code   RO          285    i.MX_USART1_UART_Init  usart.o
    0x080028f8   0x080028f8   0x00000038   Code   RO          286    i.MX_USART3_UART_Init  usart.o
    0x08002930   0x08002930   0x00000002   Code   RO          336    i.MemManage_Handler  stm32f1xx_it.o
    0x08002932   0x08002932   0x00000002   PAD
    0x08002934   0x08002934   0x000000b8   Code   RO         2973    i.Motor_advance     motor.o
    0x080029ec   0x080029ec   0x000000c0   Code   RO         2974    i.Motor_init        motor.o
    0x08002aac   0x08002aac   0x00000094   Code   RO         2975    i.Motor_left        motor.o
    0x08002b40   0x08002b40   0x00000024   Code   RO         2976    i.Motor_leftIN      motor.o
    0x08002b64   0x08002b64   0x00000094   Code   RO         2978    i.Motor_right       motor.o
    0x08002bf8   0x08002bf8   0x00000024   Code   RO         2979    i.Motor_rightIN     motor.o
    0x08002c1c   0x08002c1c   0x00000090   Code   RO         2980    i.Motor_rightRe     motor.o
    0x08002cac   0x08002cac   0x00000010   Code   RO         2981    i.Motor_start       motor.o
    0x08002cbc   0x08002cbc   0x00000010   Code   RO         2982    i.Motor_stop        motor.o
    0x08002ccc   0x08002ccc   0x00000002   Code   RO          337    i.NMI_Handler       stm32f1xx_it.o
    0x08002cce   0x08002cce   0x00000002   Code   RO          338    i.PendSV_Handler    stm32f1xx_it.o
    0x08002cd0   0x08002cd0   0x00000002   Code   RO          339    i.RCC_IRQHandler    stm32f1xx_it.o
    0x08002cd2   0x08002cd2   0x00000002   Code   RO          340    i.SVC_Handler       stm32f1xx_it.o
    0x08002cd4   0x08002cd4   0x000000a4   Code   RO         3278    i.Sensor_Read       hx711.o
    0x08002d78   0x08002d78   0x00000012   Code   RO         2985    i.Set_ThresholdValue  motor.o
    0x08002d8a   0x08002d8a   0x00000002   PAD
    0x08002d8c   0x08002d8c   0x00000018   Code   RO         3235    i.Set_Value         infrared.o
    0x08002da4   0x08002da4   0x00000038   Code   RO         3081    i.Speaker           uart.o
    0x08002ddc   0x08002ddc   0x00000004   Code   RO          341    i.SysTick_Handler   stm32f1xx_it.o
    0x08002de0   0x08002de0   0x0000005e   Code   RO            5    i.SystemClock_Config  main.o
    0x08002e3e   0x08002e3e   0x00000002   Code   RO         2936    i.SystemInit        system_stm32f1xx.o
    0x08002e40   0x08002e40   0x0000000c   Code   RO          342    i.TIM1_CC_IRQHandler  stm32f1xx_it.o
    0x08002e4c   0x08002e4c   0x0000000c   Code   RO          343    i.TIM1_TRG_COM_IRQHandler  stm32f1xx_it.o
    0x08002e58   0x08002e58   0x0000000c   Code   RO          344    i.TIM1_UP_IRQHandler  stm32f1xx_it.o
    0x08002e64   0x08002e64   0x0000000c   Code   RO          345    i.TIM2_IRQHandler   stm32f1xx_it.o
    0x08002e70   0x08002e70   0x0000000c   Code   RO          346    i.TIM3_IRQHandler   stm32f1xx_it.o
    0x08002e7c   0x08002e7c   0x0000000c   Code   RO          347    i.TIM4_IRQHandler   stm32f1xx_it.o
    0x08002e88   0x08002e88   0x0000006c   Code   RO          710    i.TIM_Base_SetConfig  stm32f1xx_hal_tim.o
    0x08002ef4   0x08002ef4   0x0000001a   Code   RO          711    i.TIM_CCxChannelCmd  stm32f1xx_hal_tim.o
    0x08002f0e   0x08002f0e   0x00000014   Code   RO          721    i.TIM_ETR_SetConfig  stm32f1xx_hal_tim.o
    0x08002f22   0x08002f22   0x00000010   Code   RO          722    i.TIM_ITRx_SetConfig  stm32f1xx_hal_tim.o
    0x08002f32   0x08002f32   0x00000002   PAD
    0x08002f34   0x08002f34   0x00000050   Code   RO          723    i.TIM_OC1_SetConfig  stm32f1xx_hal_tim.o
    0x08002f84   0x08002f84   0x00000058   Code   RO          724    i.TIM_OC2_SetConfig  stm32f1xx_hal_tim.o
    0x08002fdc   0x08002fdc   0x00000058   Code   RO          725    i.TIM_OC3_SetConfig  stm32f1xx_hal_tim.o
    0x08003034   0x08003034   0x00000044   Code   RO          726    i.TIM_OC4_SetConfig  stm32f1xx_hal_tim.o
    0x08003078   0x08003078   0x00000022   Code   RO          728    i.TIM_TI1_ConfigInputStage  stm32f1xx_hal_tim.o
    0x0800309a   0x0800309a   0x00000002   PAD
    0x0800309c   0x0800309c   0x00000058   Code   RO          729    i.TIM_TI1_SetConfig  stm32f1xx_hal_tim.o
    0x080030f4   0x080030f4   0x00000024   Code   RO          730    i.TIM_TI2_ConfigInputStage  stm32f1xx_hal_tim.o
    0x08003118   0x08003118   0x00000036   Code   RO          731    i.TIM_TI2_SetConfig  stm32f1xx_hal_tim.o
    0x0800314e   0x0800314e   0x00000010   Code   RO         2608    i.UART_DMAAbortOnError  stm32f1xx_hal_uart.o
    0x0800315e   0x0800315e   0x0000004e   Code   RO         2618    i.UART_EndRxTransfer  stm32f1xx_hal_uart.o
    0x080031ac   0x080031ac   0x000000c2   Code   RO         2620    i.UART_Receive_IT   stm32f1xx_hal_uart.o
    0x0800326e   0x0800326e   0x00000002   PAD
    0x08003270   0x08003270   0x000000b8   Code   RO         2621    i.UART_SetConfig    stm32f1xx_hal_uart.o
    0x08003328   0x08003328   0x00000036   Code   RO         2623    i.UART_Start_Receive_IT  stm32f1xx_hal_uart.o
    0x0800335e   0x0800335e   0x00000078   Code   RO         2624    i.UART_WaitOnFlagUntilTimeout  stm32f1xx_hal_uart.o
    0x080033d6   0x080033d6   0x00000002   PAD
    0x080033d8   0x080033d8   0x0000000c   Code   RO          348    i.USART1_IRQHandler  stm32f1xx_it.o
    0x080033e4   0x080033e4   0x0000000c   Code   RO          349    i.USART3_IRQHandler  stm32f1xx_it.o
    0x080033f0   0x080033f0   0x00000010   Code   RO         3084    i.Uart1_Send        uart.o
    0x08003400   0x08003400   0x00000006   Code   RO         3085    i.UartClean         uart.o
    0x08003406   0x08003406   0x00000016   Code   RO         3086    i.UartInit          uart.o
    0x0800341c   0x0800341c   0x00000002   Code   RO          350    i.UsageFault_Handler  stm32f1xx_it.o
    0x0800341e   0x0800341e   0x00000002   PAD
    0x08003420   0x08003420   0x00000020   Code   RO         3417    i.__0printf$1       mc_w.l(printf1.o)
    0x08003440   0x08003440   0x00000020   Code   RO         2078    i.__NVIC_SetPriority  stm32f1xx_hal_cortex.o
    0x08003460   0x08003460   0x0000000e   Code   RO         3695    i.__scatterload_copy  mc_w.l(handlers.o)
    0x0800346e   0x0800346e   0x00000002   Code   RO         3696    i.__scatterload_null  mc_w.l(handlers.o)
    0x08003470   0x08003470   0x0000000e   Code   RO         3697    i.__scatterload_zeroinit  mc_w.l(handlers.o)
    0x0800347e   0x0800347e   0x00000002   PAD
    0x08003480   0x08003480   0x00000154   Code   RO         3424    i._printf_core      mc_w.l(printf1.o)
    0x080035d4   0x080035d4   0x0000000e   Code   RO         3088    i.fputc             uart.o
    0x080035e2   0x080035e2   0x00000002   PAD
    0x080035e4   0x080035e4   0x000000c4   Code   RO            6    i.main              main.o
    0x080036a8   0x080036a8   0x00000012   Data   RO         1776    .constdata          stm32f1xx_hal_rcc.o
    0x080036ba   0x080036ba   0x00000010   Data   RO         2937    .constdata          system_stm32f1xx.o
    0x080036ca   0x080036ca   0x00000008   Data   RO         2938    .constdata          system_stm32f1xx.o
    0x080036d2   0x080036d2   0x00000002   PAD
    0x080036d4   0x080036d4   0x00000020   Data   RO         3693    Region$$Table       anon$$obj.o


    Execution Region RW_IRAM1 (Exec base: 0x20000000, Load base: 0x080036f4, Size: 0x00000710, Max: 0x00005000, ABSOLUTE)

    Exec Addr    Load Addr    Size         Type   Attr      Idx    E Section Name        Object

    0x20000000   0x080036f4   0x00000002   Data   RW          503    .data               car_control.o
    0x20000002   0x080036f6   0x00000002   Data   RW          504    .data               car_control.o
    0x20000004   0x080036f8   0x0000000c   Data   RW         1613    .data               stm32f1xx_hal.o
    0x20000010   0x08003704   0x00000004   Data   RW         2939    .data               system_stm32f1xx.o
    0x20000014   0x08003708   0x00000006   Data   RW         2987    .data               motor.o
    0x2000001a   0x0800370e   0x0000000f   Data   RW         3090    .data               uart.o
    0x20000029   0x0800371d   0x00000006   Data   RW         3236    .data               infrared.o
    0x2000002f   0x08003723   0x00000001   PAD
    0x20000030   0x08003724   0x0000002c   Data   RW         3279    .data               hx711.o
    0x2000005c   0x08003750   0x00000004   Data   RW         3671    .data               mc_w.l(stdout.o)
    0x20000060        -       0x00000120   Zero   RW          214    .bss                tim.o
    0x20000180        -       0x00000090   Zero   RW          287    .bss                usart.o
    0x20000210        -       0x000000d8   Zero   RW         3089    .bss                uart.o
    0x200002e8        -       0x00000028   Zero   RW         3169    .bss                hc_sr04.o
    0x20000310        -       0x00000400   Zero   RW         2925    STACK               startup_stm32f103xb.o


==============================================================================

Image component sizes


      Code (inc. data)   RO Data    RW Data    ZI Data      Debug   Object Name

       560         76          0          4          0       5629   car_control.o
        54          0          0          0          0       1352   delay.o
       336         22          0          0          0       1135   gpio.o
       468         40          0          0         40       5511   hc_sr04.o
       356         40          0         44          0       2917   hx711.o
       324         76          0          6          0       2555   infrared.o
       294         44          0          0          0     430156   main.o
       938        142          0          6          0       7113   motor.o
        36          8        236          0       1024        796   startup_stm32f103xb.o
       164         28          0         12          0       6349   stm32f1xx_hal.o
       198         14          0          0          0      29539   stm32f1xx_hal_cortex.o
       222          4          0          0          0       2003   stm32f1xx_hal_dma.o
       524         40          0          0          0       4458   stm32f1xx_hal_gpio.o
        76          8          0          0          0        970   stm32f1xx_hal_msp.o
      1240         84         18          0          0       5524   stm32f1xx_hal_rcc.o
      2616         82          0          0          0      22394   stm32f1xx_hal_tim.o
       108         12          0          0          0       2697   stm32f1xx_hal_tim_ex.o
      1554         10          0          0          0      11756   stm32f1xx_hal_uart.o
       164         48          0          0          0       9657   stm32f1xx_it.o
         2          0         24          4          0       1319   system_stm32f1xx.o
       972         86          0          0        288       5577   tim.o
       206         26          0         15        216       4600   uart.o
       332         38          0          0        144       2595   usart.o

    ----------------------------------------------------------------------
     11774        928        312         92       1712     566602   Object Totals
         0          0         32          0          0          0   (incl. Generated)
        30          0          2          1          0          0   (incl. Padding)

    ----------------------------------------------------------------------

      Code (inc. data)   RO Data    RW Data    ZI Data      Debug   Library Member Name

         0          0          0          0          0          0   entry.o
         0          0          0          0          0          0   entry10a.o
         0          0          0          0          0          0   entry11a.o
         4          0          0          0          0          0   entry12b.o
         8          4          0          0          0          0   entry2.o
         4          0          0          0          0          0   entry5.o
         0          0          0          0          0          0   entry7b.o
         0          0          0          0          0          0   entry8b.o
         8          4          0          0          0          0   entry9a.o
        30          0          0          0          0          0   handlers.o
        36          8          0          0          0         68   init.o
         0          0          0          0          0          0   iusefp.o
        30          0          0          0          0         68   llshl.o
        32          0          0          0          0         68   llushr.o
        36          0          0          0          0        108   memseta.o
       372         14          0          0          0        184   printf1.o
         0          0          0          4          0          0   stdout.o
        44          0          0          0          0         80   uidiv.o
        56          0          0          0          0         88   d2f.o
       222          0          0          0          0        100   ddiv.o
       186          0          0          0          0        176   depilogue.o
        26          0          0          0          0         76   dfltui.o
       228          0          0          0          0         96   dmul.o
        46          0          0          0          0         80   dscalb.o
       176          0          0          0          0        140   fadd.o
       124          0          0          0          0         88   fdiv.o
       110          0          0          0          0        168   fepilogue.o
        50          0          0          0          0         68   ffixi.o
        40          0          0          0          0         68   ffixui.o
        10          0          0          0          0         68   ffltui.o
       100          0          0          0          0         76   fmul.o

    ----------------------------------------------------------------------
      1982         30          0          4          0       1868   Library Totals
         4          0          0          0          0          0   (incl. Padding)

    ----------------------------------------------------------------------

      Code (inc. data)   RO Data    RW Data    ZI Data      Debug   Library Name

       604         30          0          4          0        576   mc_w.l
      1374          0          0          0          0       1292   mf_w.l

    ----------------------------------------------------------------------
      1982         30          0          4          0       1868   Library Totals

    ----------------------------------------------------------------------

==============================================================================


      Code (inc. data)   RO Data    RW Data    ZI Data      Debug   

     13756        958        312         96       1712     560718   Grand Totals
     13756        958        312         96       1712     560718   ELF Image Totals
     13756        958        312         96          0          0   ROM Totals

==============================================================================

    Total RO  Size (Code + RO Data)                14068 (  13.74kB)
    Total RW  Size (RW Data + ZI Data)              1808 (   1.77kB)
    Total ROM Size (Code + RO Data + RW Data)      14164 (  13.83kB)

==============================================================================

